Component: ARM Compiler 5.06 update 3 (build 300) Tool: armlink [4d35c9]

==============================================================================

Section Cross References

    system_stm32f10x.o(i.SetSysClock) refers to system_stm32f10x.o(i.SetSysClockTo72) for SetSysClockTo72
    system_stm32f10x.o(i.SystemCoreClockUpdate) refers to system_stm32f10x.o(.data) for .data
    system_stm32f10x.o(i.SystemInit) refers to system_stm32f10x.o(i.SetSysClock) for SetSysClock
    startup_stm32f10x_md.o(RESET) refers to startup_stm32f10x_md.o(STACK) for __initial_sp
    startup_stm32f10x_md.o(RESET) refers to startup_stm32f10x_md.o(.text) for Reset_Handler
    startup_stm32f10x_md.o(RESET) refers to stm32f10x_it.o(i.NMI_Handler) for NMI_Handler
    startup_stm32f10x_md.o(RESET) refers to stm32f10x_it.o(i.HardFault_Handler) for HardFault_Handler
    startup_stm32f10x_md.o(RESET) refers to stm32f10x_it.o(i.MemManage_Handler) for MemManage_Handler
    startup_stm32f10x_md.o(RESET) refers to stm32f10x_it.o(i.BusFault_Handler) for BusFault_Handler
    startup_stm32f10x_md.o(RESET) refers to stm32f10x_it.o(i.UsageFault_Handler) for UsageFault_Handler
    startup_stm32f10x_md.o(RESET) refers to stm32f10x_it.o(i.SVC_Handler) for SVC_Handler
    startup_stm32f10x_md.o(RESET) refers to stm32f10x_it.o(i.DebugMon_Handler) for DebugMon_Handler
    startup_stm32f10x_md.o(RESET) refers to stm32f10x_it.o(i.PendSV_Handler) for PendSV_Handler
    startup_stm32f10x_md.o(RESET) refers to delay.o(i.SysTick_Handler) for SysTick_Handler
    startup_stm32f10x_md.o(RESET) refers to time3.o(i.TIM3_IRQHandler) for TIM3_IRQHandler
    startup_stm32f10x_md.o(.text) refers to system_stm32f10x.o(i.SystemInit) for SystemInit
    startup_stm32f10x_md.o(.text) refers to entry.o(.ARM.Collect$$$$00000000) for __main
    main.o(i.main) refers to memseta.o(.text) for __aeabi_memclr4
    main.o(i.main) refers to gpio.o(i.Led_Init) for Led_Init
    main.o(i.main) refers to gpio.o(i.Key_Init) for Key_Init
    main.o(i.main) refers to delay.o(i.SysTick_Init) for SysTick_Init
    main.o(i.main) refers to max30100_pulseoximeter.o(i.SPO2_Init) for SPO2_Init
    main.o(i.main) refers to usart.o(i.Usart1_Init) for Usart1_Init
    main.o(i.main) refers to time3.o(i.Time3_Init) for Time3_Init
    main.o(i.main) refers to lcd_driver.o(i.Lcd_Init) for Lcd_Init
    main.o(i.main) refers to lcd_driver.o(i.Gui_DrawFont_GBK16) for Gui_DrawFont_GBK16
    main.o(i.main) refers to ffltui.o(.text) for __aeabi_ui2f
    main.o(i.main) refers to cfcmple.o(.text) for __aeabi_cfcmple
    main.o(i.main) refers to fadd.o(.text) for __aeabi_frsub
    main.o(i.main) refers to ffixui.o(.text) for __aeabi_f2uiz
    main.o(i.main) refers to dfltui.o(.text) for __aeabi_ui2d
    main.o(i.main) refers to dmul.o(.text) for __aeabi_dmul
    main.o(i.main) refers to dadd.o(.text) for __aeabi_dadd
    main.o(i.main) refers to dfixui.o(.text) for __aeabi_d2uiz
    main.o(i.main) refers to gpio.o(i.Get_KeyValue) for Get_KeyValue
    main.o(i.main) refers to lcd_driver.o(i.Lcd_Clear) for Lcd_Clear
    main.o(i.main) refers to printf6.o(i.__0sprintf$6) for __2sprintf
    main.o(i.main) refers to lcd_driver.o(i.Gui_DrawLine) for Gui_DrawLine
    main.o(i.main) refers to fflti.o(.text) for __aeabi_i2f
    main.o(i.main) refers to printf6.o(i.__0printf$6) for __2printf
    main.o(i.main) refers to max30100.o(.data) for rawIRValue
    main.o(i.main) refers to delay.o(.data) for Key_Run
    main.o(i.main) refers to max30100_pulseoximeter.o(.data) for HeartRate
    delay.o(i.Delay_ms) refers to delay.o(i.Delay_1us) for Delay_1us
    delay.o(i.Delay_nms) refers to delay.o(.data) for .data
    delay.o(i.Delay_us) refers to delay.o(i.Delay_1us) for Delay_1us
    delay.o(i.SysTick_Handler) refers to delay.o(.data) for .data
    gpio.o(i.Get_KeyValue) refers to gpio.o(.data) for .data
    usart.o(i.Usart1_Init) refers to ffltui.o(.text) for __aeabi_ui2f
    usart.o(i.Usart1_Init) refers to fmul.o(.text) for __aeabi_fmul
    usart.o(i.Usart1_Init) refers to fdiv.o(.text) for __aeabi_fdiv
    usart.o(i.Usart1_Init) refers to ffixui.o(.text) for __aeabi_f2uiz
    usart.o(i.Usart1_Init) refers to fadd.o(.text) for __aeabi_frsub
    usart.o(i.Usart1_Init) refers to fscalb.o(.text) for __ARM_scalbnf
    usart.o(i.fputc) refers to usart.o(i.Usart1_TX) for Usart1_TX
    time3.o(i.TIM3_IRQHandler) refers to max30100_pulseoximeter.o(i.POupdate) for POupdate
    stm32f10x_adc.o(i.ADC_DeInit) refers to stm32f10x_rcc.o(i.RCC_APB2PeriphResetCmd) for RCC_APB2PeriphResetCmd
    stm32f10x_bkp.o(i.BKP_DeInit) refers to stm32f10x_rcc.o(i.RCC_BackupResetCmd) for RCC_BackupResetCmd
    stm32f10x_can.o(i.CAN_DeInit) refers to stm32f10x_rcc.o(i.RCC_APB1PeriphResetCmd) for RCC_APB1PeriphResetCmd
    stm32f10x_can.o(i.CAN_GetITStatus) refers to stm32f10x_can.o(i.CheckITStatus) for CheckITStatus
    stm32f10x_cec.o(i.CEC_DeInit) refers to stm32f10x_rcc.o(i.RCC_APB1PeriphResetCmd) for RCC_APB1PeriphResetCmd
[...]
    Removing stm32f10x_i2c.o(i.I2C_StructInit), (28 bytes).
    Removing stm32f10x_i2c.o(i.I2C_TransmitPEC), (24 bytes).
    Removing stm32f10x_iwdg.o(i.IWDG_Enable), (16 bytes).
    Removing stm32f10x_iwdg.o(i.IWDG_GetFlagStatus), (20 bytes).
    Removing stm32f10x_iwdg.o(i.IWDG_ReloadCounter), (16 bytes).
    Removing stm32f10x_iwdg.o(i.IWDG_SetPrescaler), (12 bytes).
    Removing stm32f10x_iwdg.o(i.IWDG_SetReload), (12 bytes).
    Removing stm32f10x_iwdg.o(i.IWDG_WriteAccessCmd), (12 bytes).
    Removing stm32f10x_pwr.o(i.PWR_BackupAccessCmd), (12 bytes).
    Removing stm32f10x_pwr.o(i.PWR_ClearFlag), (16 bytes).
    Removing stm32f10x_pwr.o(i.PWR_DeInit), (24 bytes).
    Removing stm32f10x_pwr.o(i.PWR_EnterSTANDBYMode), (40 bytes).
    Removing stm32f10x_pwr.o(i.PWR_EnterSTOPMode), (52 bytes).
    Removing stm32f10x_pwr.o(i.PWR_GetFlagStatus), (20 bytes).
    Removing stm32f10x_pwr.o(i.PWR_PVDCmd), (12 bytes).
    Removing stm32f10x_pwr.o(i.PWR_PVDLevelConfig), (20 bytes).
    Removing stm32f10x_pwr.o(i.PWR_WakeUpPinCmd), (12 bytes).
    Removing stm32f10x_rcc.o(i.RCC_ADCCLKConfig), (20 bytes).
    Removing stm32f10x_rcc.o(i.RCC_AHBPeriphClockCmd), (28 bytes).
    Removing stm32f10x_rcc.o(i.RCC_APB1PeriphClockCmd), (28 bytes).
    Removing stm32f10x_rcc.o(i.RCC_APB1PeriphResetCmd), (28 bytes).
    Removing stm32f10x_rcc.o(i.RCC_APB2PeriphResetCmd), (28 bytes).
    Removing stm32f10x_rcc.o(i.RCC_AdjustHSICalibrationValue), (20 bytes).
    Removing stm32f10x_rcc.o(i.RCC_BackupResetCmd), (12 bytes).
    Removing stm32f10x_rcc.o(i.RCC_ClearFlag), (16 bytes).
    Removing stm32f10x_rcc.o(i.RCC_ClearITPendingBit), (12 bytes).
    Removing stm32f10x_rcc.o(i.RCC_ClockSecuritySystemCmd), (12 bytes).
    Removing stm32f10x_rcc.o(i.RCC_DeInit), (64 bytes).
    Removing stm32f10x_rcc.o(i.RCC_GetClocksFreq), (172 bytes).
    Removing stm32f10x_rcc.o(i.RCC_GetFlagStatus), (48 bytes).
    Removing stm32f10x_rcc.o(i.RCC_GetITStatus), (20 bytes).
    Removing stm32f10x_rcc.o(i.RCC_GetSYSCLKSource), (16 bytes).
    Removing stm32f10x_rcc.o(i.RCC_HCLKConfig), (20 bytes).
    Removing stm32f10x_rcc.o(i.RCC_HSEConfig), (56 bytes).
    Removing stm32f10x_rcc.o(i.RCC_HSICmd), (12 bytes).
    Removing stm32f10x_rcc.o(i.RCC_ITConfig), (28 bytes).
    Removing stm32f10x_rcc.o(i.RCC_LSEConfig), (40 bytes).
    Removing stm32f10x_rcc.o(i.RCC_LSICmd), (12 bytes).
    Removing stm32f10x_rcc.o(i.RCC_MCOConfig), (12 bytes).
    Removing stm32f10x_rcc.o(i.RCC_PCLK1Config), (20 bytes).
    Removing stm32f10x_rcc.o(i.RCC_PCLK2Config), (20 bytes).
    Removing stm32f10x_rcc.o(i.RCC_PLLCmd), (12 bytes).
    Removing stm32f10x_rcc.o(i.RCC_PLLConfig), (20 bytes).
    Removing stm32f10x_rcc.o(i.RCC_RTCCLKCmd), (12 bytes).
    Removing stm32f10x_rcc.o(i.RCC_RTCCLKConfig), (16 bytes).
    Removing stm32f10x_rcc.o(i.RCC_SYSCLKConfig), (20 bytes).
    Removing stm32f10x_rcc.o(i.RCC_USBCLKConfig), (12 bytes).
    Removing stm32f10x_rcc.o(i.RCC_WaitForHSEStartUp), (48 bytes).
    Removing stm32f10x_rcc.o(.data), (20 bytes).
    Removing stm32f10x_rtc.o(i.RTC_ClearFlag), (16 bytes).
    Removing stm32f10x_rtc.o(i.RTC_ClearITPendingBit), (16 bytes).
    Removing stm32f10x_rtc.o(i.RTC_EnterConfigMode), (16 bytes).
    Removing stm32f10x_rtc.o(i.RTC_ExitConfigMode), (16 bytes).
    Removing stm32f10x_rtc.o(i.RTC_GetCounter), (20 bytes).
    Removing stm32f10x_rtc.o(i.RTC_GetDivider), (24 bytes).
    Removing stm32f10x_rtc.o(i.RTC_GetFlagStatus), (20 bytes).
    Removing stm32f10x_rtc.o(i.RTC_GetITStatus), (32 bytes).
    Removing stm32f10x_rtc.o(i.RTC_ITConfig), (28 bytes).
    Removing stm32f10x_rtc.o(i.RTC_SetAlarm), (32 bytes).
    Removing stm32f10x_rtc.o(i.RTC_SetCounter), (32 bytes).
    Removing stm32f10x_rtc.o(i.RTC_SetPrescaler), (32 bytes).
    Removing stm32f10x_rtc.o(i.RTC_WaitForLastTask), (16 bytes).
    Removing stm32f10x_rtc.o(i.RTC_WaitForSynchro), (24 bytes).
    Removing stm32f10x_sdio.o(i.SDIO_CEATAITCmd), (16 bytes).
    Removing stm32f10x_sdio.o(i.SDIO_ClearFlag), (12 bytes).
    Removing stm32f10x_sdio.o(i.SDIO_ClearITPendingBit), (12 bytes).
    Removing stm32f10x_sdio.o(i.SDIO_ClockCmd), (12 bytes).
    Removing stm32f10x_sdio.o(i.SDIO_CmdStructInit), (14 bytes).
    Removing stm32f10x_sdio.o(i.SDIO_CommandCompletionCmd), (12 bytes).
    Removing stm32f10x_sdio.o(i.SDIO_DMACmd), (12 bytes).
    Removing stm32f10x_sdio.o(i.SDIO_DataConfig), (44 bytes).
    Removing stm32f10x_sdio.o(i.SDIO_DataStructInit), (20 bytes).
    Removing stm32f10x_sdio.o(i.SDIO_DeInit), (36 bytes).
    Removing stm32f10x_sdio.o(i.SDIO_GetCommandResponse), (12 bytes).
    Removing stm32f10x_sdio.o(i.SDIO_GetDataCounter), (12 bytes).
    Removing stm32f10x_sdio.o(i.SDIO_GetFIFOCount), (12 bytes).
    Removing stm32f10x_sdio.o(i.SDIO_GetFlagStatus), (20 bytes).
    Removing stm32f10x_sdio.o(i.SDIO_GetITStatus), (20 bytes).
    Removing stm32f10x_sdio.o(i.SDIO_GetPowerState), (16 bytes).
    Removing stm32f10x_sdio.o(i.SDIO_GetResponse), (20 bytes).
    Removing stm32f10x_sdio.o(i.SDIO_ITConfig), (28 bytes).
    Removing stm32f10x_sdio.o(i.SDIO_Init), (44 bytes).
    Removing stm32f10x_sdio.o(i.SDIO_ReadData), (12 bytes).
    Removing stm32f10x_sdio.o(i.SDIO_SendCEATACmd), (12 bytes).
    Removing stm32f10x_sdio.o(i.SDIO_SendCommand), (40 bytes).
    Removing stm32f10x_sdio.o(i.SDIO_SendSDIOSuspendCmd), (12 bytes).
    Removing stm32f10x_sdio.o(i.SDIO_SetPowerState), (24 bytes).
    Removing stm32f10x_sdio.o(i.SDIO_SetSDIOOperation), (12 bytes).
    Removing stm32f10x_sdio.o(i.SDIO_SetSDIOReadWaitMode), (12 bytes).
    Removing stm32f10x_sdio.o(i.SDIO_StartSDIOReadWait), (12 bytes).
    Removing stm32f10x_sdio.o(i.SDIO_StopSDIOReadWait), (12 bytes).
    Removing stm32f10x_sdio.o(i.SDIO_StructInit), (16 bytes).
    Removing stm32f10x_sdio.o(i.SDIO_WriteData), (12 bytes).
    Removing stm32f10x_spi.o(i.I2S_Cmd), (24 bytes).
    Removing stm32f10x_spi.o(i.I2S_Init), (168 bytes).
    Removing stm32f10x_spi.o(i.I2S_StructInit), (18 bytes).
    Removing stm32f10x_spi.o(i.SPI_BiDirectionalLineConfig), (26 bytes).
    Removing stm32f10x_spi.o(i.SPI_CalculateCRC), (24 bytes).
    Removing stm32f10x_spi.o(i.SPI_Cmd), (24 bytes).
    Removing stm32f10x_spi.o(i.SPI_DataSizeConfig), (16 bytes).
    Removing stm32f10x_spi.o(i.SPI_GetCRC), (12 bytes).
    Removing stm32f10x_spi.o(i.SPI_GetCRCPolynomial), (4 bytes).
    Removing stm32f10x_spi.o(i.SPI_I2S_ClearFlag), (6 bytes).
    Removing stm32f10x_spi.o(i.SPI_I2S_ClearITPendingBit), (14 bytes).
    Removing stm32f10x_spi.o(i.SPI_I2S_DMACmd), (20 bytes).
    Removing stm32f10x_spi.o(i.SPI_I2S_DeInit), (100 bytes).
    Removing stm32f10x_spi.o(i.SPI_I2S_GetFlagStatus), (14 bytes).
    Removing stm32f10x_spi.o(i.SPI_I2S_GetITStatus), (44 bytes).
    Removing stm32f10x_spi.o(i.SPI_I2S_ITConfig), (28 bytes).
    Removing stm32f10x_spi.o(i.SPI_I2S_ReceiveData), (4 bytes).
    Removing stm32f10x_spi.o(i.SPI_I2S_SendData), (4 bytes).
    Removing stm32f10x_spi.o(i.SPI_Init), (56 bytes).
    Removing stm32f10x_spi.o(i.SPI_NSSInternalSoftwareConfig), (28 bytes).
    Removing stm32f10x_spi.o(i.SPI_SSOutputCmd), (24 bytes).
    Removing stm32f10x_spi.o(i.SPI_StructInit), (24 bytes).
    Removing stm32f10x_spi.o(i.SPI_TransmitCRC), (10 bytes).
    Removing stm32f10x_tim.o(i.TI1_Config), (116 bytes).
    Removing stm32f10x_tim.o(i.TI2_Config), (124 bytes).
    Removing stm32f10x_tim.o(i.TI3_Config), (120 bytes).
    Removing stm32f10x_tim.o(i.TI4_Config), (124 bytes).
    Removing stm32f10x_tim.o(i.TIM_ARRPreloadConfig), (24 bytes).
    Removing stm32f10x_tim.o(i.TIM_BDTRConfig), (34 bytes).
    Removing stm32f10x_tim.o(i.TIM_BDTRStructInit), (18 bytes).
    Removing stm32f10x_tim.o(i.TIM_CCPreloadControl), (24 bytes).
    Removing stm32f10x_tim.o(i.TIM_CCxCmd), (22 bytes).
    Removing stm32f10x_tim.o(i.TIM_CCxNCmd), (22 bytes).
    Removing stm32f10x_tim.o(i.TIM_ClearFlag), (6 bytes).
    Removing stm32f10x_tim.o(i.TIM_ClearITPendingBit), (6 bytes).
    Removing stm32f10x_tim.o(i.TIM_ClearOC1Ref), (12 bytes).
    Removing stm32f10x_tim.o(i.TIM_ClearOC2Ref), (20 bytes).
    Removing stm32f10x_tim.o(i.TIM_ClearOC3Ref), (12 bytes).
    Removing stm32f10x_tim.o(i.TIM_ClearOC4Ref), (20 bytes).
    Removing stm32f10x_tim.o(i.TIM_Cmd), (24 bytes).
    Removing stm32f10x_tim.o(i.TIM_CounterModeConfig), (12 bytes).
    Removing stm32f10x_tim.o(i.TIM_CtrlPWMOutputs), (28 bytes).
    Removing stm32f10x_tim.o(i.TIM_DMACmd), (20 bytes).
    Removing stm32f10x_tim.o(i.TIM_DMAConfig), (8 bytes).
    Removing stm32f10x_tim.o(i.TIM_DeInit), (528 bytes).
    Removing stm32f10x_tim.o(i.TIM_ETRClockMode1Config), (32 bytes).
    Removing stm32f10x_tim.o(i.TIM_ETRClockMode2Config), (20 bytes).
    Removing stm32f10x_tim.o(i.TIM_ETRConfig), (24 bytes).
    Removing stm32f10x_tim.o(i.TIM_EncoderInterfaceConfig), (50 bytes).
    Removing stm32f10x_tim.o(i.TIM_ForcedOC1Config), (12 bytes).
    Removing stm32f10x_tim.o(i.TIM_ForcedOC2Config), (20 bytes).
    Removing stm32f10x_tim.o(i.TIM_ForcedOC3Config), (12 bytes).
    Removing stm32f10x_tim.o(i.TIM_ForcedOC4Config), (20 bytes).
    Removing stm32f10x_tim.o(i.TIM_GenerateEvent), (4 bytes).
    Removing stm32f10x_tim.o(i.TIM_GetCapture1), (4 bytes).
    Removing stm32f10x_tim.o(i.TIM_GetCapture2), (4 bytes).
    Removing stm32f10x_tim.o(i.TIM_GetCapture3), (4 bytes).
    Removing stm32f10x_tim.o(i.TIM_GetCapture4), (6 bytes).
    Removing stm32f10x_tim.o(i.TIM_GetCounter), (4 bytes).
    Removing stm32f10x_tim.o(i.TIM_GetFlagStatus), (14 bytes).
    Removing stm32f10x_tim.o(i.TIM_GetITStatus), (24 bytes).
    Removing stm32f10x_tim.o(i.TIM_GetPrescaler), (4 bytes).
    Removing stm32f10x_tim.o(i.TIM_ICInit), (140 bytes).
    Removing stm32f10x_tim.o(i.TIM_ICStructInit), (16 bytes).
    Removing stm32f10x_tim.o(i.TIM_ITConfig), (20 bytes).
    Removing stm32f10x_tim.o(i.TIM_ITRxExternalClockConfig), (20 bytes).
    Removing stm32f10x_tim.o(i.TIM_InternalClockConfig), (10 bytes).
    Removing stm32f10x_tim.o(i.TIM_OC1FastConfig), (12 bytes).
    Removing stm32f10x_tim.o(i.TIM_OC1Init), (136 bytes).
    Removing stm32f10x_tim.o(i.TIM_OC1NPolarityConfig), (12 bytes).
    Removing stm32f10x_tim.o(i.TIM_OC1PolarityConfig), (12 bytes).
    Removing stm32f10x_tim.o(i.TIM_OC1PreloadConfig), (12 bytes).
    Removing stm32f10x_tim.o(i.TIM_OC2FastConfig), (20 bytes).
    Removing stm32f10x_tim.o(i.TIM_OC2Init), (136 bytes).
    Removing stm32f10x_tim.o(i.TIM_OC2NPolarityConfig), (20 bytes).
    Removing stm32f10x_tim.o(i.TIM_OC2PolarityConfig), (20 bytes).
    Removing stm32f10x_tim.o(i.TIM_OC2PreloadConfig), (20 bytes).
    Removing stm32f10x_tim.o(i.TIM_OC3FastConfig), (12 bytes).
    Removing stm32f10x_tim.o(i.TIM_OC3Init), (132 bytes).
    Removing stm32f10x_tim.o(i.TIM_OC3NPolarityConfig), (20 bytes).
    Removing stm32f10x_tim.o(i.TIM_OC3PolarityConfig), (20 bytes).
    Removing stm32f10x_tim.o(i.TIM_OC3PreloadConfig), (12 bytes).
    Removing stm32f10x_tim.o(i.TIM_OC4FastConfig), (20 bytes).
    Removing stm32f10x_tim.o(i.TIM_OC4Init), (104 bytes).
    Removing stm32f10x_tim.o(i.TIM_OC4PolarityConfig), (20 bytes).
    Removing stm32f10x_tim.o(i.TIM_OC4PreloadConfig), (20 bytes).
    Removing stm32f10x_tim.o(i.TIM_OCStructInit), (20 bytes).
    Removing stm32f10x_tim.o(i.TIM_PWMIConfig), (110 bytes).
    Removing stm32f10x_tim.o(i.TIM_PrescalerConfig), (6 bytes).
    Removing stm32f10x_tim.o(i.TIM_SelectCCDMA), (24 bytes).
    Removing stm32f10x_tim.o(i.TIM_SelectCOM), (24 bytes).
    Removing stm32f10x_tim.o(i.TIM_SelectHallSensor), (24 bytes).
    Removing stm32f10x_tim.o(i.TIM_SelectInputTrigger), (12 bytes).
    Removing stm32f10x_tim.o(i.TIM_SelectMasterSlaveMode), (16 bytes).
    Removing stm32f10x_tim.o(i.TIM_SelectOCxM), (76 bytes).
    Removing stm32f10x_tim.o(i.TIM_SelectOnePulseMode), (16 bytes).
    Removing stm32f10x_tim.o(i.TIM_SelectOutputTrigger), (16 bytes).
    Removing stm32f10x_tim.o(i.TIM_SelectSlaveMode), (16 bytes).
    Removing stm32f10x_tim.o(i.TIM_SetAutoreload), (4 bytes).
    Removing stm32f10x_tim.o(i.TIM_SetClockDivision), (16 bytes).
    Removing stm32f10x_tim.o(i.TIM_SetCompare1), (4 bytes).
    Removing stm32f10x_tim.o(i.TIM_SetCompare2), (4 bytes).
    Removing stm32f10x_tim.o(i.TIM_SetCompare3), (4 bytes).
    Removing stm32f10x_tim.o(i.TIM_SetCompare4), (6 bytes).
    Removing stm32f10x_tim.o(i.TIM_SetCounter), (4 bytes).
    Removing stm32f10x_tim.o(i.TIM_SetIC1Prescaler), (16 bytes).
    Removing stm32f10x_tim.o(i.TIM_SetIC2Prescaler), (24 bytes).
    Removing stm32f10x_tim.o(i.TIM_SetIC3Prescaler), (16 bytes).
    Removing stm32f10x_tim.o(i.TIM_SetIC4Prescaler), (24 bytes).
    Removing stm32f10x_tim.o(i.TIM_TIxExternalClockConfig), (48 bytes).
    Removing stm32f10x_tim.o(i.TIM_TimeBaseInit), (156 bytes).
    Removing stm32f10x_tim.o(i.TIM_TimeBaseStructInit), (18 bytes).
    Removing stm32f10x_tim.o(i.TIM_UpdateDisableConfig), (24 bytes).
    Removing stm32f10x_tim.o(i.TIM_UpdateRequestConfig), (24 bytes).
    Removing stm32f10x_usart.o(i.USART_ClearFlag), (8 bytes).
    Removing stm32f10x_usart.o(i.USART_ClearITPendingBit), (16 bytes).
    Removing stm32f10x_usart.o(i.USART_ClockInit), (30 bytes).
    Removing stm32f10x_usart.o(i.USART_ClockStructInit), (12 bytes).
    Removing stm32f10x_usart.o(i.USART_Cmd), (24 bytes).
    Removing stm32f10x_usart.o(i.USART_DMACmd), (20 bytes).
    Removing stm32f10x_usart.o(i.USART_DeInit), (164 bytes).
    Removing stm32f10x_usart.o(i.USART_GetFlagStatus), (14 bytes).
    Removing stm32f10x_usart.o(i.USART_GetITStatus), (64 bytes).
    Removing stm32f10x_usart.o(i.USART_HalfDuplexCmd), (24 bytes).
    Removing stm32f10x_usart.o(i.USART_ITConfig), (54 bytes).
    Removing stm32f10x_usart.o(i.USART_Init), (188 bytes).
    Removing stm32f10x_usart.o(i.USART_IrDACmd), (24 bytes).
    Removing stm32f10x_usart.o(i.USART_IrDAConfig), (16 bytes).
    Removing stm32f10x_usart.o(i.USART_LINBreakDetectLengthConfig), (16 bytes).
    Removing stm32f10x_usart.o(i.USART_LINCmd), (24 bytes).
    Removing stm32f10x_usart.o(i.USART_OneBitMethodCmd), (24 bytes).
    Removing stm32f10x_usart.o(i.USART_OverSampling8Cmd), (24 bytes).
    Removing stm32f10x_usart.o(i.USART_ReceiveData), (8 bytes).
    Removing stm32f10x_usart.o(i.USART_ReceiverWakeUpCmd), (24 bytes).
    Removing stm32f10x_usart.o(i.USART_SendBreak), (10 bytes).
    Removing stm32f10x_usart.o(i.USART_SendData), (8 bytes).
    Removing stm32f10x_usart.o(i.USART_SetAddress), (16 bytes).
    Removing stm32f10x_usart.o(i.USART_SetGuardTime), (16 bytes).
    Removing stm32f10x_usart.o(i.USART_SetPrescaler), (16 bytes).
    Removing stm32f10x_usart.o(i.USART_SmartCardCmd), (24 bytes).
    Removing stm32f10x_usart.o(i.USART_SmartCardNACKCmd), (24 bytes).
    Removing stm32f10x_usart.o(i.USART_StructInit), (22 bytes).
    Removing stm32f10x_usart.o(i.USART_WakeUpConfig), (16 bytes).
    Removing stm32f10x_wwdg.o(i.WWDG_ClearFlag), (12 bytes).
    Removing stm32f10x_wwdg.o(i.WWDG_DeInit), (24 bytes).
    Removing stm32f10x_wwdg.o(i.WWDG_Enable), (16 bytes).
    Removing stm32f10x_wwdg.o(i.WWDG_EnableIT), (12 bytes).
    Removing stm32f10x_wwdg.o(i.WWDG_GetFlagStatus), (12 bytes).
    Removing stm32f10x_wwdg.o(i.WWDG_SetCounter), (16 bytes).
    Removing stm32f10x_wwdg.o(i.WWDG_SetPrescaler), (20 bytes).
    Removing stm32f10x_wwdg.o(i.WWDG_SetWindowValue), (32 bytes).
    Removing lcd_driver.o(i.Gui_Circle), (346 bytes).
    Removing lcd_driver.o(i.LCD_BGR2RGB), (18 bytes).
    Removing lcd_driver.o(i.Lcd_Fill), (58 bytes).
    Removing lcd_driver.o(i.Lcd_ReadPoint), (16 bytes).
    Removing lcd_driver.o(i.Lcd_Show_Photo), (56 bytes).
    Removing lcd_driver.o(i.Lcd_WriteReg), (18 bytes).
    Removing lcd_driver.o(.constdata), (2072 bytes).
    Removing max30100.o(.data), (1 bytes).
    Removing max30100_beatdetector.o(i.getCurrentThreshold), (12 bytes).
    Removing max30100_filters.o(i.DCRemover_init), (8 bytes).
    Removing max30100_filters.o(i.FilterBuLp), (12 bytes).
    Removing max30100_filters.o(i.getDCW), (4 bytes).
    Removing max30100_pulseoximeter.o(i.POgetSpO2), (4 bytes).
    Removing max30100_pulseoximeter.o(i.checkCurrentBias), (140 bytes).
    Removing max30100_pulseoximeter.o(i.getHeartRate), (4 bytes).
    Removing max30100_pulseoximeter.o(i.getRedLedCurrentBias), (12 bytes).
    Removing max30100_spo2calculator.o(i.SpO2Calculator), (20 bytes).
    Removing myiic.o(i.IIC_Delay1), (14 bytes).
    Removing dfixul.o(.text), (48 bytes).
    Removing cdrcmple.o(.text), (48 bytes).

499 unused section(s) (total 32095 bytes) removed from the image.

==============================================================================

Image Symbol Table

    Local Symbols

    Symbol Name                              Value     Ov Type        Size  Object(Section)

    ../clib/microlib/division.c              0x00000000   Number         0  uldiv.o ABSOLUTE
    ../clib/microlib/division.c              0x00000000   Number         0  uidiv.o ABSOLUTE
    ../clib/microlib/errno.c                 0x00000000   Number         0  errno.o ABSOLUTE
    ../clib/microlib/init/entry.s            0x00000000   Number         0  entry10a.o ABSOLUTE
    ../clib/microlib/init/entry.s            0x00000000   Number         0  entry9b.o ABSOLUTE
    ../clib/microlib/init/entry.s            0x00000000   Number         0  entry7b.o ABSOLUTE
    ../clib/microlib/init/entry.s            0x00000000   Number         0  entry9a.o ABSOLUTE
    ../clib/microlib/init/entry.s            0x00000000   Number         0  entry7a.o ABSOLUTE
    ../clib/microlib/init/entry.s            0x00000000   Number         0  entry8b.o ABSOLUTE
    ../clib/microlib/init/entry.s            0x00000000   Number         0  entry8a.o ABSOLUTE
    ../clib/microlib/init/entry.s            0x00000000   Number         0  entry.o ABSOLUTE
    ../clib/microlib/init/entry.s            0x00000000   Number         0  entry5.o ABSOLUTE
    ../clib/microlib/init/entry.s            0x00000000   Number         0  entry2.o ABSOLUTE
    ../clib/microlib/init/entry.s            0x00000000   Number         0  entry11b.o ABSOLUTE
    ../clib/microlib/init/entry.s            0x00000000   Number         0  entry11a.o ABSOLUTE
    ../clib/microlib/init/entry.s            0x00000000   Number         0  entry10b.o ABSOLUTE
    ../clib/microlib/longlong.c              0x00000000   Number         0  llushr.o ABSOLUTE
    ../clib/microlib/longlong.c              0x00000000   Number         0  llshl.o ABSOLUTE
    ../clib/microlib/longlong.c              0x00000000   Number         0  llsshr.o ABSOLUTE
    ../clib/microlib/printf/printf.c         0x00000000   Number         0  printfb.o ABSOLUTE
    ../clib/microlib/printf/printf.c         0x00000000   Number         0  printf8.o ABSOLUTE
    ../clib/microlib/printf/printf.c         0x00000000   Number         0  printfa.o ABSOLUTE
    ../clib/microlib/printf/printf.c         0x00000000   Number         0  printf6.o ABSOLUTE
    ../clib/microlib/printf/printf.c         0x00000000   Number         0  printf4.o ABSOLUTE
    ../clib/microlib/printf/printf.c         0x00000000   Number         0  printf5.o ABSOLUTE
    ../clib/microlib/printf/printf.c         0x00000000   Number         0  printf2.o ABSOLUTE
    ../clib/microlib/printf/printf.c         0x00000000   Number         0  printf7.o ABSOLUTE
    ../clib/microlib/printf/printf.c         0x00000000   Number         0  printf3.o ABSOLUTE
    ../clib/microlib/printf/printf.c         0x00000000   Number         0  printf1.o ABSOLUTE
    ../clib/microlib/printf/printf.c         0x00000000   Number         0  printf0.o ABSOLUTE
    ../clib/microlib/printf/stubs.s          0x00000000   Number         0  stubs.o ABSOLUTE
    ../clib/microlib/stdio/streams.c         0x00000000   Number         0  stdout.o ABSOLUTE
    ../clib/microlib/string/memset.c         0x00000000   Number         0  memseta.o ABSOLUTE
    ../clib/microlib/stubs.s                 0x00000000   Number         0  iusefp.o ABSOLUTE
    ../fplib/microlib/d2f.c                  0x00000000   Number         0  d2f.o ABSOLUTE
    ../fplib/microlib/f2d.c                  0x00000000   Number         0  f2d.o ABSOLUTE
    ../fplib/microlib/fpadd.c                0x00000000   Number         0  fadd.o ABSOLUTE
    ../fplib/microlib/fpadd.c                0x00000000   Number         0  dadd.o ABSOLUTE
    ../fplib/microlib/fpdiv.c                0x00000000   Number         0  ddiv.o ABSOLUTE
    ../fplib/microlib/fpdiv.c                0x00000000   Number         0  fdiv.o ABSOLUTE
    ../fplib/microlib/fpepilogue.c           0x00000000   Number         0  depilogue.o ABSOLUTE
    ../fplib/microlib/fpepilogue.c           0x00000000   Number         0  fepilogue.o ABSOLUTE
    ../fplib/microlib/fpfix.c                0x00000000   Number         0  ffixi.o ABSOLUTE
    ../fplib/microlib/fpfix.c                0x00000000   Number         0  ffixui.o ABSOLUTE
    ../fplib/microlib/fpfix.c                0x00000000   Number         0  dfixul.o ABSOLUTE
    ../fplib/microlib/fpfix.c                0x00000000   Number         0  dfixui.o ABSOLUTE
    ../fplib/microlib/fpflt.c                0x00000000   Number         0  ffltui.o ABSOLUTE
    ../fplib/microlib/fpflt.c                0x00000000   Number         0  fflti.o ABSOLUTE
    ../fplib/microlib/fpflt.c                0x00000000   Number         0  dflti.o ABSOLUTE
    ../fplib/microlib/fpflt.c                0x00000000   Number         0  dfltui.o ABSOLUTE
    ../fplib/microlib/fpmul.c                0x00000000   Number         0  dmul.o ABSOLUTE
    ../fplib/microlib/fpmul.c                0x00000000   Number         0  fmul.o ABSOLUTE
    ../fplib/microlib/fpscalb.c              0x00000000   Number         0  fscalb.o ABSOLUTE
    ../fplib/microlib/fpscalb.c              0x00000000   Number         0  dscalb.o ABSOLUTE
    ../mathlib/dunder.c                      0x00000000   Number         0  dunder.o ABSOLUTE
    ../mathlib/log.c                         0x00000000   Number         0  log_x.o ABSOLUTE
    ../mathlib/log.c                         0x00000000   Number         0  log.o ABSOLUTE
    ../mathlib/poly.c                        0x00000000   Number         0  poly.o ABSOLUTE
    ../mathlib/qnan.c                        0x00000000   Number         0  qnan.o ABSOLUTE
    CMSIS\CM3\CoreSupport\core_cm3.c         0x00000000   Number         0  core_cm3.o ABSOLUTE
    CMSIS\CM3\DeviceSupport\ST\STM32F10x\startup\arm\startup_stm32f10x_md.s 0x00000000   Number         0  startup_stm32f10x_md.o ABSOLUTE
    CMSIS\CM3\DeviceSupport\ST\STM32F10x\system_stm32f10x.c 0x00000000   Number         0  system_stm32f10x.o ABSOLUTE
    CMSIS\\CM3\\CoreSupport\\core_cm3.c      0x00000000   Number         0  core_cm3.o ABSOLUTE
    Lcd\Lcd_Driver.c                         0x00000000   Number         0  lcd_driver.o ABSOLUTE
    STM32F10x_StdPeriph_Driver\src\misc.c    0x00000000   Number         0  misc.o ABSOLUTE
    STM32F10x_StdPeriph_Driver\src\stm32f10x_adc.c 0x00000000   Number         0  stm32f10x_adc.o ABSOLUTE
    STM32F10x_StdPeriph_Driver\src\stm32f10x_bkp.c 0x00000000   Number         0  stm32f10x_bkp.o ABSOLUTE
    STM32F10x_StdPeriph_Driver\src\stm32f10x_can.c 0x00000000   Number         0  stm32f10x_can.o ABSOLUTE
    STM32F10x_StdPeriph_Driver\src\stm32f10x_cec.c 0x00000000   Number         0  stm32f10x_cec.o ABSOLUTE
    STM32F10x_StdPeriph_Driver\src\stm32f10x_crc.c 0x00000000   Number         0  stm32f10x_crc.o ABSOLUTE
    STM32F10x_StdPeriph_Driver\src\stm32f10x_dac.c 0x00000000   Number         0  stm32f10x_dac.o ABSOLUTE
    STM32F10x_StdPeriph_Driver\src\stm32f10x_dbgmcu.c 0x00000000   Number         0  stm32f10x_dbgmcu.o ABSOLUTE
    STM32F10x_StdPeriph_Driver\src\stm32f10x_dma.c 0x00000000   Number         0  stm32f10x_dma.o ABSOLUTE
    STM32F10x_StdPeriph_Driver\src\stm32f10x_exti.c 0x00000000   Number         0  stm32f10x_exti.o ABSOLUTE
    STM32F10x_StdPeriph_Driver\src\stm32f10x_flash.c 0x00000000   Number         0  stm32f10x_flash.o ABSOLUTE
    STM32F10x_StdPeriph_Driver\src\stm32f10x_fsmc.c 0x00000000   Number         0  stm32f10x_fsmc.o ABSOLUTE
    STM32F10x_StdPeriph_Driver\src\stm32f10x_gpio.c 0x00000000   Number         0  stm32f10x_gpio.o ABSOLUTE
    STM32F10x_StdPeriph_Driver\src\stm32f10x_i2c.c 0x00000000   Number         0  stm32f10x_i2c.o ABSOLUTE
    STM32F10x_StdPeriph_Driver\src\stm32f10x_iwdg.c 0x00000000   Number         0  stm32f10x_iwdg.o ABSOLUTE
    STM32F10x_StdPeriph_Driver\src\stm32f10x_pwr.c 0x00000000   Number         0  stm32f10x_pwr.o ABSOLUTE
    STM32F10x_StdPeriph_Driver\src\stm32f10x_rcc.c 0x00000000   Number         0  stm32f10x_rcc.o ABSOLUTE
    STM32F10x_StdPeriph_Driver\src\stm32f10x_rtc.c 0x00000000   Number         0  stm32f10x_rtc.o ABSOLUTE
    STM32F10x_StdPeriph_Driver\src\stm32f10x_sdio.c 0x00000000   Number         0  stm32f10x_sdio.o ABSOLUTE
    STM32F10x_StdPeriph_Driver\src\stm32f10x_spi.c 0x00000000   Number         0  stm32f10x_spi.o ABSOLUTE
    STM32F10x_StdPeriph_Driver\src\stm32f10x_tim.c 0x00000000   Number         0  stm32f10x_tim.o ABSOLUTE
    STM32F10x_StdPeriph_Driver\src\stm32f10x_usart.c 0x00000000   Number         0  stm32f10x_usart.o ABSOLUTE
    STM32F10x_StdPeriph_Driver\src\stm32f10x_wwdg.c 0x00000000   Number         0  stm32f10x_wwdg.o ABSOLUTE
    cdcmple.s                                0x00000000   Number         0  cdcmple.o ABSOLUTE
    cdrcmple.s                               0x00000000   Number         0  cdrcmple.o ABSOLUTE
    cfcmple.s                                0x00000000   Number         0  cfcmple.o ABSOLUTE
    cfrcmple.s                               0x00000000   Number         0  cfrcmple.o ABSOLUTE
    dc.s                                     0x00000000   Number         0  dc.o ABSOLUTE
    handlers.s                               0x00000000   Number         0  handlers.o ABSOLUTE
    init.s                                   0x00000000   Number         0  init.o ABSOLUTE
    max30100\MAX30100.c                      0x00000000   Number         0  max30100.o ABSOLUTE
    max30100\MAX30100_BeatDetector.c         0x00000000   Number         0  max30100_beatdetector.o ABSOLUTE
    max30100\MAX30100_Filters.c              0x00000000   Number         0  max30100_filters.o ABSOLUTE
    max30100\MAX30100_PulseOximeter.c        0x00000000   Number         0  max30100_pulseoximeter.o ABSOLUTE
    max30100\MAX30100_SpO2Calculator.c       0x00000000   Number         0  max30100_spo2calculator.o ABSOLUTE
    max30100\myiic.c                         0x00000000   Number         0  myiic.o ABSOLUTE
    src\Delay.c                              0x00000000   Number         0  delay.o ABSOLUTE
    src\gpio.c                               0x00000000   Number         0  gpio.o ABSOLUTE
    src\main.c                               0x00000000   Number         0  main.o ABSOLUTE
    src\stm32f10x_it.c                       0x00000000   Number         0  stm32f10x_it.o ABSOLUTE
    src\time3.c                              0x00000000   Number         0  time3.o ABSOLUTE
    src\usart.c                              0x00000000   Number         0  usart.o ABSOLUTE
    RESET                                    0x08000000   Section      236  startup_stm32f10x_md.o(RESET)
    .ARM.Collect$$$$00000000                 0x080000ec   Section        0  entry.o(.ARM.Collect$$$$00000000)
    .ARM.Collect$$$$00000001                 0x080000ec   Section        4  entry2.o(.ARM.Collect$$$$00000001)
    .ARM.Collect$$$$00000004                 0x080000f0   Section        4  entry5.o(.ARM.Collect$$$$00000004)
    .ARM.Collect$$$$00000008                 0x080000f4   Section        0  entry7b.o(.ARM.Collect$$$$00000008)
    .ARM.Collect$$$$0000000A                 0x080000f4   Section        0  entry8b.o(.ARM.Collect$$$$0000000A)
    .ARM.Collect$$$$0000000B                 0x080000f4   Section        8  entry9a.o(.ARM.Collect$$$$0000000B)
    .ARM.Collect$$$$0000000D                 0x080000fc   Section        0  entry10a.o(.ARM.Collect$$$$0000000D)
    .ARM.Collect$$$$0000000F                 0x080000fc   Section        0  entry11a.o(.ARM.Collect$$$$0000000F)
    .ARM.Collect$$$$00002712                 0x080000fc   Section        4  entry2.o(.ARM.Collect$$$$00002712)
    __lit__00000000                          0x080000fc   Data           4  entry2.o(.ARM.Collect$$$$00002712)
    .text                                    0x08000100   Section       36  startup_stm32f10x_md.o(.text)
    .text                                    0x08000124   Section        0  memseta.o(.text)
    .text                                    0x08000148   Section        0  fadd.o(.text)
    .text                                    0x080001f8   Section        0  fmul.o(.text)
    .text                                    0x0800025c   Section        0  fdiv.o(.text)
    .text                                    0x080002d8   Section        0  fscalb.o(.text)
    .text                                    0x080002f0   Section        0  dadd.o(.text)
    .text                                    0x0800043e   Section        0  dmul.o(.text)
    .text                                    0x08000522   Section        0  ddiv.o(.text)
    .text                                    0x08000600   Section        0  fflti.o(.text)
    .text                                    0x08000612   Section        0  ffltui.o(.text)
    .text                                    0x0800061c   Section        0  dfltui.o(.text)
    .text                                    0x08000636   Section        0  ffixi.o(.text)
    .text                                    0x08000668   Section        0  ffixui.o(.text)
    .text                                    0x08000690   Section        0  dfixui.o(.text)
    .text                                    0x080006c2   Section        0  f2d.o(.text)
    .text                                    0x080006e8   Section        0  d2f.o(.text)
    .text                                    0x08000720   Section       20  cfcmple.o(.text)
    .text                                    0x08000734   Section       20  cfrcmple.o(.text)
    .text                                    0x08000748   Section        0  uidiv.o(.text)
    .text                                    0x08000774   Section        0  llshl.o(.text)
    .text                                    0x08000792   Section        0  llushr.o(.text)
    .text                                    0x080007b2   Section        0  llsshr.o(.text)
    .text                                    0x080007d6   Section        0  iusefp.o(.text)
    .text                                    0x080007d6   Section        0  fepilogue.o(.text)
    .text                                    0x08000844   Section        0  depilogue.o(.text)
    .text                                    0x080008fe   Section        0  dscalb.o(.text)
    .text                                    0x0800092c   Section        0  dflti.o(.text)
    .text                                    0x08000950   Section       48  cdcmple.o(.text)
    .text                                    0x08000980   Section       36  init.o(.text)
    i.BeatDetector                           0x080009a4   Section        0  max30100_beatdetector.o(i.BeatDetector)
    i.Buff_Read                              0x080009c0   Section        0  max30100.o(i.Buff_Read)
    i.BusFault_Handler                       0x08000a22   Section        0  stm32f10x_it.o(i.BusFault_Handler)
    i.DCRemover1                             0x08000a24   Section        0  max30100_filters.o(i.DCRemover1)
    i.DebugMon_Handler                       0x08000a2c   Section        0  stm32f10x_it.o(i.DebugMon_Handler)
    i.Delay_1us                              0x08000a2e   Section        0  delay.o(i.Delay_1us)
    i.Delay_ms                               0x08000ac0   Section        0  delay.o(i.Delay_ms)
    i.FBstep                                 0x08000ad8   Section        0  max30100_filters.o(i.FBstep)
    i.GPIO_Init                              0x08000b34   Section        0  stm32f10x_gpio.o(i.GPIO_Init)
    i.GPIO_SetBits                           0x08000bda   Section        0  stm32f10x_gpio.o(i.GPIO_SetBits)
    i.Get_KeyValue                           0x08000be0   Section        0  gpio.o(i.Get_KeyValue)
    i.Gui_DrawFont_GBK16                     0x08000c6c   Section        0  lcd_driver.o(i.Gui_DrawFont_GBK16)
    i.Gui_DrawLine                           0x08000dcc   Section        0  lcd_driver.o(i.Gui_DrawLine)
    i.Gui_DrawPoint                          0x08000e7e   Section        0  lcd_driver.o(i.Gui_DrawPoint)
    i.HardFault_Handler                      0x08000e98   Section        0  stm32f10x_it.o(i.HardFault_Handler)
    i.IIC_Ack                                0x08000e9c   Section        0  myiic.o(i.IIC_Ack)
    i.IIC_Delay2                             0x08000ed0   Section        0  myiic.o(i.IIC_Delay2)
    i.IIC_Init                               0x08000ee0   Section        0  myiic.o(i.IIC_Init)
    i.IIC_NAck                               0x08000f24   Section        0  myiic.o(i.IIC_NAck)
    i.IIC_Read_Byte                          0x08000f58   Section        0  myiic.o(i.IIC_Read_Byte)
    i.IIC_Send_Byte                          0x08000fb8   Section        0  myiic.o(i.IIC_Send_Byte)
    i.IIC_Start                              0x08001008   Section        0  myiic.o(i.IIC_Start)
    i.IIC_Stop                               0x0800103c   Section        0  myiic.o(i.IIC_Stop)
    i.IIC_Wait_Ack                           0x08001074   Section        0  myiic.o(i.IIC_Wait_Ack)
    i.Key_Init                               0x080010c8   Section        0  gpio.o(i.Key_Init)
    i.LCD_GPIO_Init                          0x08001124   Section        0  lcd_driver.o(i.LCD_GPIO_Init)
    i.LCD_WriteData_16Bit                    0x08001168   Section        0  lcd_driver.o(i.LCD_WriteData_16Bit)
    i.Lcd_Clear                              0x08001194   Section        0  lcd_driver.o(i.Lcd_Clear)
    i.Lcd_Init                               0x080011c4   Section        0  lcd_driver.o(i.Lcd_Init)
    i.Lcd_Reset                              0x080013fc   Section        0  lcd_driver.o(i.Lcd_Reset)
    i.Lcd_SetRegion                          0x08001420   Section        0  lcd_driver.o(i.Lcd_SetRegion)
    i.Lcd_SetXY                              0x08001478   Section        0  lcd_driver.o(i.Lcd_SetXY)
    i.Lcd_WriteData                          0x08001480   Section        0  lcd_driver.o(i.Lcd_WriteData)
    i.Lcd_WriteIndex                         0x080014a4   Section        0  lcd_driver.o(i.Lcd_WriteIndex)
    i.Led_Init                               0x080014c8   Section        0  gpio.o(i.Led_Init)
    i.MemManage_Handler                      0x080014fc   Section        0  stm32f10x_it.o(i.MemManage_Handler)
    i.NMI_Handler                            0x080014fe   Section        0  stm32f10x_it.o(i.NMI_Handler)
    i.POupdate                               0x08001500   Section        0  max30100_pulseoximeter.o(i.POupdate)
    i.PendSV_Handler                         0x08001504   Section        0  stm32f10x_it.o(i.PendSV_Handler)
    i.PulseOximeter                          0x08001508   Section        0  max30100_pulseoximeter.o(i.PulseOximeter)
    i.RCC_APB2PeriphClockCmd                 0x08001524   Section        0  stm32f10x_rcc.o(i.RCC_APB2PeriphClockCmd)
    i.Read_One_Byte                          0x08001540   Section        0  max30100.o(i.Read_One_Byte)
    i.SPI_WriteData                          0x08001588   Section        0  lcd_driver.o(i.SPI_WriteData)
    i.SPO2_Init                              0x080015b4   Section        0  max30100_pulseoximeter.o(i.SPO2_Init)
    i.SPO2update                             0x0800162c   Section        0  max30100_spo2calculator.o(i.SPO2update)
    i.SVC_Handler                            0x080016f0   Section        0  stm32f10x_it.o(i.SVC_Handler)
    i.SetSysClock                            0x080016f2   Section        0  system_stm32f10x.o(i.SetSysClock)
    SetSysClock                              0x080016f3   Thumb Code     4  system_stm32f10x.o(i.SetSysClock)
    i.SetSysClockTo72                        0x080016f8   Section        0  system_stm32f10x.o(i.SetSysClockTo72)
    SetSysClockTo72                          0x080016f9   Thumb Code   166  system_stm32f10x.o(i.SetSysClockTo72)
    i.SysTick_Handler                        0x080017a8   Section        0  delay.o(i.SysTick_Handler)
    i.SysTick_Init                           0x080017d8   Section        0  delay.o(i.SysTick_Init)
    i.SystemInit                             0x080017fc   Section        0  system_stm32f10x.o(i.SystemInit)
    i.TIM3_IRQHandler                        0x0800184c   Section        0  time3.o(i.TIM3_IRQHandler)
    i.Time3_Init                             0x08001860   Section        0  time3.o(i.Time3_Init)
    i.UsageFault_Handler                     0x080018b4   Section        0  stm32f10x_it.o(i.UsageFault_Handler)
    i.Usart1_Init                            0x080018b8   Section        0  usart.o(i.Usart1_Init)
    i.Usart1_TX                              0x08001958   Section        0  usart.o(i.Usart1_TX)
    i.Write_One_Byte                         0x0800196c   Section        0  max30100.o(i.Write_One_Byte)
    i.__0printf$6                            0x080019ac   Section        0  printf6.o(i.__0printf$6)
    i.__0sprintf$6                           0x080019cc   Section        0  printf6.o(i.__0sprintf$6)
    i.__kernel_poly                          0x080019f4   Section        0  poly.o(i.__kernel_poly)
    i.__mathlib_dbl_divzero                  0x08001aa0   Section        0  dunder.o(i.__mathlib_dbl_divzero)
    i.__mathlib_dbl_infnan                   0x08001ab0   Section        0  dunder.o(i.__mathlib_dbl_infnan)
    i.__mathlib_dbl_invalid                  0x08001ab6   Section        0  dunder.o(i.__mathlib_dbl_invalid)
    i.__scatterload_copy                     0x08001ac2   Section       14  handlers.o(i.__scatterload_copy)
    i.__scatterload_null                     0x08001ad0   Section        2  handlers.o(i.__scatterload_null)
    i.__scatterload_zeroinit                 0x08001ad2   Section       14  handlers.o(i.__scatterload_zeroinit)
    i.__set_errno                            0x08001ae0   Section        0  errno.o(i.__set_errno)
    i._printf_core                           0x08001aec   Section        0  printf6.o(i._printf_core)
    _printf_core                             0x08001aed   Thumb Code   748  printf6.o(i._printf_core)
    i._printf_post_padding                   0x08001ddc   Section        0  printf6.o(i._printf_post_padding)
    _printf_post_padding                     0x08001ddd   Thumb Code    36  printf6.o(i._printf_post_padding)
    i._printf_pre_padding                    0x08001e00   Section        0  printf6.o(i._printf_pre_padding)
    _printf_pre_padding                      0x08001e01   Thumb Code    46  printf6.o(i._printf_pre_padding)
    i._sputc                                 0x08001e2e   Section        0  printf6.o(i._sputc)
    _sputc                                   0x08001e2f   Thumb Code    10  printf6.o(i._sputc)
    i.addSample                              0x08001e38   Section        0  max30100_beatdetector.o(i.addSample)
    i.begin                                  0x08001e3c   Section        0  max30100_pulseoximeter.o(i.begin)
    i.checkForBeat                           0x08001e70   Section        0  max30100_beatdetector.o(i.checkForBeat)
    i.checkSample                            0x08001f90   Section        0  max30100_pulseoximeter.o(i.checkSample)
    i.decreaseThreshold                      0x08002040   Section        0  max30100_beatdetector.o(i.decreaseThreshold)
    i.fputc                                  0x080020d4   Section        0  usart.o(i.fputc)
    i.getRate                                0x080020e4   Section        0  max30100_beatdetector.o(i.getRate)
    i.getSpO2                                0x08002118   Section        0  max30100_spo2calculator.o(i.getSpO2)
    i.log                                    0x08002124   Section        0  log.o(i.log)
    i.main                                   0x08002480   Section        0  main.o(i.main)
    i.millis                                 0x080027c8   Section        0  max30100_beatdetector.o(i.millis)
    i.min                                    0x080027d4   Section        0  max30100_beatdetector.o(i.min)
    i.onBeatDetected1                        0x080027dc   Section        0  max30100_pulseoximeter.o(i.onBeatDetected1)
    i.readFifoData                           0x080027e0   Section        0  max30100.o(i.readFifoData)
    i.reset                                  0x08002810   Section        0  max30100_spo2calculator.o(i.reset)
    i.setHighresModeEnabled                  0x08002824   Section        0  max30100.o(i.setHighresModeEnabled)
    i.setLedsCurrent                         0x0800284c   Section        0  max30100.o(i.setLedsCurrent)
    i.setLedsPulseWidth                      0x08002858   Section        0  max30100.o(i.setLedsPulseWidth)
    i.setMode                                0x08002872   Section        0  max30100.o(i.setMode)
    i.setOnBeatDetectedCallback              0x0800287c   Section        0  max30100_pulseoximeter.o(i.setOnBeatDetectedCallback)
    i.setSamplingRate                        0x08002888   Section        0  max30100.o(i.setSamplingRate)
    i.step                                   0x080028a6   Section        0  max30100_filters.o(i.step)
    i.update                                 0x080028ca   Section        0  max30100.o(i.update)
    .constdata                               0x080028ce   Section     2235  lcd_driver.o(.constdata)
    .constdata                               0x08003190   Section       56  log.o(.constdata)
    Lg2                                      0x08003190   Data          24  log.o(.constdata)
    Lg                                       0x080031a8   Data          32  log.o(.constdata)
    .constdata                               0x080031c8   Section        8  qnan.o(.constdata)
    .data                                    0x20000000   Section       36  delay.o(.data)
    .data                                    0x20000024   Section        4  gpio.o(.data)
    count4                                   0x20000024   Data           1  gpio.o(.data)
    count2                                   0x20000025   Data           1  gpio.o(.data)
    count5                                   0x20000026   Data           1  gpio.o(.data)
    count3                                   0x20000027   Data           1  gpio.o(.data)
    .data                                    0x20000028   Section        4  max30100.o(.data)
    .data                                    0x2000002c   Section       20  max30100_beatdetector.o(.data)
    .data                                    0x20000040   Section        8  max30100_filters.o(.data)
    .data                                    0x20000048   Section       52  max30100_pulseoximeter.o(.data)
    .data                                    0x2000007c   Section       59  max30100_spo2calculator.o(.data)
    .data                                    0x200000b8   Section        4  stdout.o(.data)
    .data                                    0x200000bc   Section        4  errno.o(.data)
    _errno                                   0x200000bc   Data           4  errno.o(.data)
    STACK                                    0x200000c0   Section     1024  startup_stm32f10x_md.o(STACK)

    Global Symbols

    Symbol Name                              Value     Ov Type        Size  Object(Section)

    BuildAttributes$$THM_ISAv4$P$D$K$B$S$PE$A:L22UL41UL21$X:L11$S22US41US21$IEEE1$IW$USESV6$~STKCKD$USESV7$~SHL$OTIME$ROPI$IEEEX$EBA8$MICROLIB$REQ8$PRES8$EABIv2 0x00000000   Number         0  anon$$obj.o ABSOLUTE
    __ARM_use_no_argv                        0x00000000   Number         0  main.o ABSOLUTE
    _printf_a                                0x00000000   Number         0  stubs.o ABSOLUTE
    _printf_c                                0x00000000   Number         0  stubs.o ABSOLUTE
    _printf_charcount                        0x00000000   Number         0  stubs.o ABSOLUTE
    _printf_d                                0x00000000   Number         0  stubs.o ABSOLUTE
    _printf_e                                0x00000000   Number         0  stubs.o ABSOLUTE
    _printf_f                                0x00000000   Number         0  stubs.o ABSOLUTE
    _printf_flags                            0x00000000   Number         0  stubs.o ABSOLUTE
    _printf_fp_dec                           0x00000000   Number         0  stubs.o ABSOLUTE
    _printf_fp_hex                           0x00000000   Number         0  stubs.o ABSOLUTE
    _printf_g                                0x00000000   Number         0  stubs.o ABSOLUTE
    _printf_i                                0x00000000   Number         0  stubs.o ABSOLUTE
    _printf_int_dec                          0x00000000   Number         0  stubs.o ABSOLUTE
    _printf_l                                0x00000000   Number         0  stubs.o ABSOLUTE
    _printf_lc                               0x00000000   Number         0  stubs.o ABSOLUTE
    _printf_ll                               0x00000000   Number         0  stubs.o ABSOLUTE
    _printf_lld                              0x00000000   Number         0  stubs.o ABSOLUTE
    _printf_lli                              0x00000000   Number         0  stubs.o ABSOLUTE
    _printf_llo                              0x00000000   Number         0  stubs.o ABSOLUTE
    _printf_llu                              0x00000000   Number         0  stubs.o ABSOLUTE
    _printf_llx                              0x00000000   Number         0  stubs.o ABSOLUTE
    _printf_longlong_dec                     0x00000000   Number         0  stubs.o ABSOLUTE
    _printf_longlong_hex                     0x00000000   Number         0  stubs.o ABSOLUTE
    _printf_longlong_oct                     0x00000000   Number         0  stubs.o ABSOLUTE
    _printf_ls                               0x00000000   Number         0  stubs.o ABSOLUTE
    _printf_mbtowc                           0x00000000   Number         0  stubs.o ABSOLUTE
    _printf_n                                0x00000000   Number         0  stubs.o ABSOLUTE
    _printf_o                                0x00000000   Number         0  stubs.o ABSOLUTE
    _printf_p                                0x00000000   Number         0  stubs.o ABSOLUTE
    _printf_percent                          0x00000000   Number         0  stubs.o ABSOLUTE
    _printf_pre_padding                      0x00000000   Number         0  stubs.o ABSOLUTE
    _printf_return_value                     0x00000000   Number         0  stubs.o ABSOLUTE
    _printf_s                                0x00000000   Number         0  stubs.o ABSOLUTE
    _printf_sizespec                         0x00000000   Number         0  stubs.o ABSOLUTE
    _printf_str                              0x00000000   Number         0  stubs.o ABSOLUTE
    _printf_truncate_signed                  0x00000000   Number         0  stubs.o ABSOLUTE
    _printf_truncate_unsigned                0x00000000   Number         0  stubs.o ABSOLUTE
    _printf_u                                0x00000000   Number         0  stubs.o ABSOLUTE
    _printf_wc                               0x00000000   Number         0  stubs.o ABSOLUTE
    _printf_wctomb                           0x00000000   Number         0  stubs.o ABSOLUTE
    _printf_widthprec                        0x00000000   Number         0  stubs.o ABSOLUTE
    _printf_x                                0x00000000   Number         0  stubs.o ABSOLUTE
    __cpp_initialize__aeabi_                  - Undefined Weak Reference
    __cxa_finalize                            - Undefined Weak Reference
    __decompress                              - Undefined Weak Reference
    _clock_init                               - Undefined Weak Reference
    _microlib_exit                            - Undefined Weak Reference
    __Vectors_Size                           0x000000ec   Number         0  startup_stm32f10x_md.o ABSOLUTE
    __Vectors                                0x08000000   Data           4  startup_stm32f10x_md.o(RESET)
    __Vectors_End                            0x080000ec   Data           0  startup_stm32f10x_md.o(RESET)
    __main                                   0x080000ed   Thumb Code     0  entry.o(.ARM.Collect$$$$00000000)
    _main_stk                                0x080000ed   Thumb Code     0  entry2.o(.ARM.Collect$$$$00000001)
    _main_scatterload                        0x080000f1   Thumb Code     0  entry5.o(.ARM.Collect$$$$00000004)
    __main_after_scatterload                 0x080000f5   Thumb Code     0  entry5.o(.ARM.Collect$$$$00000004)
    _main_clock                              0x080000f5   Thumb Code     0  entry7b.o(.ARM.Collect$$$$00000008)
    _main_cpp_init                           0x080000f5   Thumb Code     0  entry8b.o(.ARM.Collect$$$$0000000A)
    _main_init                               0x080000f5   Thumb Code     0  entry9a.o(.ARM.Collect$$$$0000000B)
    __rt_final_cpp                           0x080000fd   Thumb Code     0  entry10a.o(.ARM.Collect$$$$0000000D)
    __rt_final_exit                          0x080000fd   Thumb Code     0  entry11a.o(.ARM.Collect$$$$0000000F)
    Reset_Handler                            0x08000101   Thumb Code     8  startup_stm32f10x_md.o(.text)
    ADC1_2_IRQHandler                        0x0800011b   Thumb Code     0  startup_stm32f10x_md.o(.text)
    CAN1_RX1_IRQHandler                      0x0800011b   Thumb Code     0  startup_stm32f10x_md.o(.text)
    CAN1_SCE_IRQHandler                      0x0800011b   Thumb Code     0  startup_stm32f10x_md.o(.text)
    DMA1_Channel1_IRQHandler                 0x0800011b   Thumb Code     0  startup_stm32f10x_md.o(.text)
    DMA1_Channel2_IRQHandler                 0x0800011b   Thumb Code     0  startup_stm32f10x_md.o(.text)
    DMA1_Channel3_IRQHandler                 0x0800011b   Thumb Code     0  startup_stm32f10x_md.o(.text)
    DMA1_Channel4_IRQHandler                 0x0800011b   Thumb Code     0  startup_stm32f10x_md.o(.text)
    DMA1_Channel5_IRQHandler                 0x0800011b   Thumb Code     0  startup_stm32f10x_md.o(.text)
    DMA1_Channel6_IRQHandler                 0x0800011b   Thumb Code     0  startup_stm32f10x_md.o(.text)
    DMA1_Channel7_IRQHandler                 0x0800011b   Thumb Code     0  startup_stm32f10x_md.o(.text)
    EXTI0_IRQHandler                         0x0800011b   Thumb Code     0  startup_stm32f10x_md.o(.text)
    EXTI15_10_IRQHandler                     0x0800011b   Thumb Code     0  startup_stm32f10x_md.o(.text)
    EXTI1_IRQHandler                         0x0800011b   Thumb Code     0  startup_stm32f10x_md.o(.text)
    EXTI2_IRQHandler                         0x0800011b   Thumb Code     0  startup_stm32f10x_md.o(.text)
    EXTI3_IRQHandler                         0x0800011b   Thumb Code     0  startup_stm32f10x_md.o(.text)
    EXTI4_IRQHandler                         0x0800011b   Thumb Code     0  startup_stm32f10x_md.o(.text)
    EXTI9_5_IRQHandler                       0x0800011b   Thumb Code     0  startup_stm32f10x_md.o(.text)
    FLASH_IRQHandler                         0x0800011b   Thumb Code     0  startup_stm32f10x_md.o(.text)
    I2C1_ER_IRQHandler                       0x0800011b   Thumb Code     0  startup_stm32f10x_md.o(.text)
    I2C1_EV_IRQHandler                       0x0800011b   Thumb Code     0  startup_stm32f10x_md.o(.text)
    I2C2_ER_IRQHandler                       0x0800011b   Thumb Code     0  startup_stm32f10x_md.o(.text)
    I2C2_EV_IRQHandler                       0x0800011b   Thumb Code     0  startup_stm32f10x_md.o(.text)
    PVD_IRQHandler                           0x0800011b   Thumb Code     0  startup_stm32f10x_md.o(.text)
    RCC_IRQHandler                           0x0800011b   Thumb Code     0  startup_stm32f10x_md.o(.text)
    RTCAlarm_IRQHandler                      0x0800011b   Thumb Code     0  startup_stm32f10x_md.o(.text)
    RTC_IRQHandler                           0x0800011b   Thumb Code     0  startup_stm32f10x_md.o(.text)
    SPI1_IRQHandler                          0x0800011b   Thumb Code     0  startup_stm32f10x_md.o(.text)
    SPI2_IRQHandler                          0x0800011b   Thumb Code     0  startup_stm32f10x_md.o(.text)
    TAMPER_IRQHandler                        0x0800011b   Thumb Code     0  startup_stm32f10x_md.o(.text)
    TIM1_BRK_IRQHandler                      0x0800011b   Thumb Code     0  startup_stm32f10x_md.o(.text)
    TIM1_CC_IRQHandler                       0x0800011b   Thumb Code     0  startup_stm32f10x_md.o(.text)
    TIM1_TRG_COM_IRQHandler                  0x0800011b   Thumb Code     0  startup_stm32f10x_md.o(.text)
    TIM1_UP_IRQHandler                       0x0800011b   Thumb Code     0  startup_stm32f10x_md.o(.text)
    TIM2_IRQHandler                          0x0800011b   Thumb Code     0  startup_stm32f10x_md.o(.text)
    TIM4_IRQHandler                          0x0800011b   Thumb Code     0  startup_stm32f10x_md.o(.text)
    USART1_IRQHandler                        0x0800011b   Thumb Code     0  startup_stm32f10x_md.o(.text)
    USART2_IRQHandler                        0x0800011b   Thumb Code     0  startup_stm32f10x_md.o(.text)
    USART3_IRQHandler                        0x0800011b   Thumb Code     0  startup_stm32f10x_md.o(.text)
    USBWakeUp_IRQHandler                     0x0800011b   Thumb Code     0  startup_stm32f10x_md.o(.text)
    USB_HP_CAN1_TX_IRQHandler                0x0800011b   Thumb Code     0  startup_stm32f10x_md.o(.text)
    USB_LP_CAN1_RX0_IRQHandler               0x0800011b   Thumb Code     0  startup_stm32f10x_md.o(.text)
    WWDG_IRQHandler                          0x0800011b   Thumb Code     0  startup_stm32f10x_md.o(.text)
    __aeabi_memset                           0x08000125   Thumb Code    14  memseta.o(.text)
    __aeabi_memset4                          0x08000125   Thumb Code     0  memseta.o(.text)
    __aeabi_memset8                          0x08000125   Thumb Code     0  memseta.o(.text)
    __aeabi_memclr                           0x08000133   Thumb Code     4  memseta.o(.text)
    __aeabi_memclr4                          0x08000133   Thumb Code     0  memseta.o(.text)
    __aeabi_memclr8                          0x08000133   Thumb Code     0  memseta.o(.text)
    _memset$wrapper                          0x08000137   Thumb Code    18  memseta.o(.text)
    __aeabi_fadd                             0x08000149   Thumb Code   164  fadd.o(.text)
    __aeabi_fsub                             0x080001ed   Thumb Code     6  fadd.o(.text)
    __aeabi_frsub                            0x080001f3   Thumb Code     6  fadd.o(.text)
    __aeabi_fmul                             0x080001f9   Thumb Code   100  fmul.o(.text)
    __aeabi_fdiv                             0x0800025d   Thumb Code   124  fdiv.o(.text)
    __ARM_scalbnf                            0x080002d9   Thumb Code    24  fscalb.o(.text)
    scalbnf                                  0x080002d9   Thumb Code     0  fscalb.o(.text)
    __aeabi_dadd                             0x080002f1   Thumb Code   322  dadd.o(.text)
    __aeabi_dsub                             0x08000433   Thumb Code     6  dadd.o(.text)
    __aeabi_drsub                            0x08000439   Thumb Code     6  dadd.o(.text)
    __aeabi_dmul                             0x0800043f   Thumb Code   228  dmul.o(.text)
    __aeabi_ddiv                             0x08000523   Thumb Code   222  ddiv.o(.text)
    __aeabi_i2f                              0x08000601   Thumb Code    18  fflti.o(.text)
    __aeabi_ui2f                             0x08000613   Thumb Code    10  ffltui.o(.text)
    __aeabi_ui2d                             0x0800061d   Thumb Code    26  dfltui.o(.text)
    __aeabi_f2iz                             0x08000637   Thumb Code    50  ffixi.o(.text)
    __aeabi_f2uiz                            0x08000669   Thumb Code    40  ffixui.o(.text)
    __aeabi_d2uiz                            0x08000691   Thumb Code    50  dfixui.o(.text)
    __aeabi_f2d                              0x080006c3   Thumb Code    38  f2d.o(.text)
    __aeabi_d2f                              0x080006e9   Thumb Code    56  d2f.o(.text)
    __aeabi_cfcmpeq                          0x08000721   Thumb Code     0  cfcmple.o(.text)
    __aeabi_cfcmple                          0x08000721   Thumb Code    20  cfcmple.o(.text)
    __aeabi_cfrcmple                         0x08000735   Thumb Code    20  cfrcmple.o(.text)
    __aeabi_uidiv                            0x08000749   Thumb Code     0  uidiv.o(.text)
    __aeabi_uidivmod                         0x08000749   Thumb Code    44  uidiv.o(.text)
    __aeabi_llsl                             0x08000775   Thumb Code    30  llshl.o(.text)
    _ll_shift_l                              0x08000775   Thumb Code     0  llshl.o(.text)
    __aeabi_llsr                             0x08000793   Thumb Code    32  llushr.o(.text)
    _ll_ushift_r                             0x08000793   Thumb Code     0  llushr.o(.text)
    __aeabi_lasr                             0x080007b3   Thumb Code    36  llsshr.o(.text)
    _ll_sshift_r                             0x080007b3   Thumb Code     0  llsshr.o(.text)
    __I$use$fp                               0x080007d7   Thumb Code     0  iusefp.o(.text)
    _float_round                             0x080007d7   Thumb Code    18  fepilogue.o(.text)
    _float_epilogue                          0x080007e9   Thumb Code    92  fepilogue.o(.text)
    _double_round                            0x08000845   Thumb Code    30  depilogue.o(.text)
    _double_epilogue                         0x08000863   Thumb Code   156  depilogue.o(.text)
    __ARM_scalbn                             0x080008ff   Thumb Code    46  dscalb.o(.text)
    scalbn                                   0x080008ff   Thumb Code     0  dscalb.o(.text)
    __aeabi_i2d                              0x0800092d   Thumb Code    34  dflti.o(.text)
    __aeabi_cdcmpeq                          0x08000951   Thumb Code     0  cdcmple.o(.text)
    __aeabi_cdcmple                          0x08000951   Thumb Code    48  cdcmple.o(.text)
    __scatterload                            0x08000981   Thumb Code    28  init.o(.text)
    __scatterload_rt2                        0x08000981   Thumb Code     0  init.o(.text)
    BeatDetector                             0x080009a5   Thumb Code    18  max30100_beatdetector.o(i.BeatDetector)
    Buff_Read                                0x080009c1   Thumb Code    98  max30100.o(i.Buff_Read)
    BusFault_Handler                         0x08000a23   Thumb Code     2  stm32f10x_it.o(i.BusFault_Handler)
    DCRemover1                               0x08000a25   Thumb Code     8  max30100_filters.o(i.DCRemover1)
    DebugMon_Handler                         0x08000a2d   Thumb Code     2  stm32f10x_it.o(i.DebugMon_Handler)
    Delay_1us                                0x08000a2f   Thumb Code   146  delay.o(i.Delay_1us)
    Delay_ms                                 0x08000ac1   Thumb Code    22  delay.o(i.Delay_ms)
    FBstep                                   0x08000ad9   Thumb Code    70  max30100_filters.o(i.FBstep)
    GPIO_Init                                0x08000b35   Thumb Code   166  stm32f10x_gpio.o(i.GPIO_Init)
    GPIO_SetBits                             0x08000bdb   Thumb Code     4  stm32f10x_gpio.o(i.GPIO_SetBits)
    Get_KeyValue                             0x08000be1   Thumb Code   126  gpio.o(i.Get_KeyValue)
    Gui_DrawFont_GBK16                       0x08000c6d   Thumb Code   344  lcd_driver.o(i.Gui_DrawFont_GBK16)
    Gui_DrawLine                             0x08000dcd   Thumb Code   178  lcd_driver.o(i.Gui_DrawLine)
    Gui_DrawPoint                            0x08000e7f   Thumb Code    26  lcd_driver.o(i.Gui_DrawPoint)
    HardFault_Handler                        0x08000e99   Thumb Code     2  stm32f10x_it.o(i.HardFault_Handler)
    IIC_Ack                                  0x08000e9d   Thumb Code    44  myiic.o(i.IIC_Ack)
    IIC_Delay2                               0x08000ed1   Thumb Code    14  myiic.o(i.IIC_Delay2)
    IIC_Init                                 0x08000ee1   Thumb Code    58  myiic.o(i.IIC_Init)
    IIC_NAck                                 0x08000f25   Thumb Code    44  myiic.o(i.IIC_NAck)
    IIC_Read_Byte                            0x08000f59   Thumb Code    86  myiic.o(i.IIC_Read_Byte)
    IIC_Send_Byte                            0x08000fb9   Thumb Code    70  myiic.o(i.IIC_Send_Byte)
    IIC_Start                                0x08001009   Thumb Code    44  myiic.o(i.IIC_Start)
    IIC_Stop                                 0x0800103d   Thumb Code    46  myiic.o(i.IIC_Stop)
    IIC_Wait_Ack                             0x08001075   Thumb Code    74  myiic.o(i.IIC_Wait_Ack)
    Key_Init                                 0x080010c9   Thumb Code    66  gpio.o(i.Key_Init)
    LCD_GPIO_Init                            0x08001125   Thumb Code    60  lcd_driver.o(i.LCD_GPIO_Init)
    LCD_WriteData_16Bit                      0x08001169   Thumb Code    36  lcd_driver.o(i.LCD_WriteData_16Bit)
    Lcd_Clear                                0x08001195   Thumb Code    46  lcd_driver.o(i.Lcd_Clear)
    Lcd_Init                                 0x080011c5   Thumb Code   562  lcd_driver.o(i.Lcd_Init)
    Lcd_Reset                                0x080013fd   Thumb Code    30  lcd_driver.o(i.Lcd_Reset)
    Lcd_SetRegion                            0x08001421   Thumb Code    88  lcd_driver.o(i.Lcd_SetRegion)
    Lcd_SetXY                                0x08001479   Thumb Code     8  lcd_driver.o(i.Lcd_SetXY)
    Lcd_WriteData                            0x08001481   Thumb Code    26  lcd_driver.o(i.Lcd_WriteData)
    Lcd_WriteIndex                           0x080014a5   Thumb Code    26  lcd_driver.o(i.Lcd_WriteIndex)
    Led_Init                                 0x080014c9   Thumb Code    42  gpio.o(i.Led_Init)
    MemManage_Handler                        0x080014fd   Thumb Code     2  stm32f10x_it.o(i.MemManage_Handler)
    NMI_Handler                              0x080014ff   Thumb Code     2  stm32f10x_it.o(i.NMI_Handler)
    POupdate                                 0x08001501   Thumb Code     4  max30100_pulseoximeter.o(i.POupdate)
    PendSV_Handler                           0x08001505   Thumb Code     2  stm32f10x_it.o(i.PendSV_Handler)
    PulseOximeter                            0x08001509   Thumb Code    24  max30100_pulseoximeter.o(i.PulseOximeter)
    RCC_APB2PeriphClockCmd                   0x08001525   Thumb Code    22  stm32f10x_rcc.o(i.RCC_APB2PeriphClockCmd)
    Read_One_Byte                            0x08001541   Thumb Code    72  max30100.o(i.Read_One_Byte)
    SPI_WriteData                            0x08001589   Thumb Code    40  lcd_driver.o(i.SPI_WriteData)
    SPO2_Init                                0x080015b5   Thumb Code   114  max30100_pulseoximeter.o(i.SPO2_Init)
    SPO2update                               0x0800162d   Thumb Code   178  max30100_spo2calculator.o(i.SPO2update)
    SVC_Handler                              0x080016f1   Thumb Code     2  stm32f10x_it.o(i.SVC_Handler)
    SysTick_Handler                          0x080017a9   Thumb Code    42  delay.o(i.SysTick_Handler)
    SysTick_Init                             0x080017d9   Thumb Code    34  delay.o(i.SysTick_Init)
    SystemInit                               0x080017fd   Thumb Code    64  system_stm32f10x.o(i.SystemInit)
    TIM3_IRQHandler                          0x0800184d   Thumb Code    14  time3.o(i.TIM3_IRQHandler)
    Time3_Init                               0x08001861   Thumb Code    70  time3.o(i.Time3_Init)
    UsageFault_Handler                       0x080018b5   Thumb Code     2  stm32f10x_it.o(i.UsageFault_Handler)
    Usart1_Init                              0x080018b9   Thumb Code   144  usart.o(i.Usart1_Init)
    Usart1_TX                                0x08001959   Thumb Code    16  usart.o(i.Usart1_TX)
    Write_One_Byte                           0x0800196d   Thumb Code    62  max30100.o(i.Write_One_Byte)
    __0printf$6                              0x080019ad   Thumb Code    22  printf6.o(i.__0printf$6)
    __1printf$6                              0x080019ad   Thumb Code     0  printf6.o(i.__0printf$6)
    __2printf                                0x080019ad   Thumb Code     0  printf6.o(i.__0printf$6)
    __0sprintf$6                             0x080019cd   Thumb Code    34  printf6.o(i.__0sprintf$6)
    __1sprintf$6                             0x080019cd   Thumb Code     0  printf6.o(i.__0sprintf$6)
    __2sprintf                               0x080019cd   Thumb Code     0  printf6.o(i.__0sprintf$6)
    __kernel_poly                            0x080019f5   Thumb Code   170  poly.o(i.__kernel_poly)
    __mathlib_dbl_divzero                    0x08001aa1   Thumb Code    12  dunder.o(i.__mathlib_dbl_divzero)
    __mathlib_dbl_infnan                     0x08001ab1   Thumb Code     6  dunder.o(i.__mathlib_dbl_infnan)
    __mathlib_dbl_invalid                    0x08001ab7   Thumb Code    12  dunder.o(i.__mathlib_dbl_invalid)
    __scatterload_copy                       0x08001ac3   Thumb Code    14  handlers.o(i.__scatterload_copy)
    __scatterload_null                       0x08001ad1   Thumb Code     2  handlers.o(i.__scatterload_null)
    __scatterload_zeroinit                   0x08001ad3   Thumb Code    14  handlers.o(i.__scatterload_zeroinit)
    __set_errno                              0x08001ae1   Thumb Code     6  errno.o(i.__set_errno)
    addSample                                0x08001e39   Thumb Code     4  max30100_beatdetector.o(i.addSample)
    begin                                    0x08001e3d   Thumb Code    42  max30100_pulseoximeter.o(i.begin)
    checkForBeat                             0x08001e71   Thumb Code   268  max30100_beatdetector.o(i.checkForBeat)
    checkSample                              0x08001f91   Thumb Code   162  max30100_pulseoximeter.o(i.checkSample)
    decreaseThreshold                        0x08002041   Thumb Code   122  max30100_beatdetector.o(i.decreaseThreshold)
    fputc                                    0x080020d5   Thumb Code    14  usart.o(i.fputc)
    getRate                                  0x080020e5   Thumb Code    40  max30100_beatdetector.o(i.getRate)
    getSpO2                                  0x08002119   Thumb Code     6  max30100_spo2calculator.o(i.getSpO2)
    log                                      0x08002125   Thumb Code   808  log.o(i.log)
    main                                     0x08002481   Thumb Code   712  main.o(i.main)
    millis                                   0x080027c9   Thumb Code     6  max30100_beatdetector.o(i.millis)
    min                                      0x080027d5   Thumb Code     8  max30100_beatdetector.o(i.min)
    onBeatDetected1                          0x080027dd   Thumb Code     2  max30100_pulseoximeter.o(i.onBeatDetected1)
    readFifoData                             0x080027e1   Thumb Code    44  max30100.o(i.readFifoData)
    reset                                    0x08002811   Thumb Code    16  max30100_spo2calculator.o(i.reset)
    setHighresModeEnabled                    0x08002825   Thumb Code    40  max30100.o(i.setHighresModeEnabled)
    setLedsCurrent                           0x0800284d   Thumb Code    12  max30100.o(i.setLedsCurrent)
    setLedsPulseWidth                        0x08002859   Thumb Code    26  max30100.o(i.setLedsPulseWidth)
    setMode                                  0x08002873   Thumb Code     8  max30100.o(i.setMode)
    setOnBeatDetectedCallback                0x0800287d   Thumb Code     8  max30100_pulseoximeter.o(i.setOnBeatDetectedCallback)
    setSamplingRate                          0x08002889   Thumb Code    30  max30100.o(i.setSamplingRate)
    step                                     0x080028a7   Thumb Code    36  max30100_filters.o(i.step)
    update                                   0x080028cb   Thumb Code     4  max30100.o(i.update)
    asc16                                    0x080028ce   Data        1521  lcd_driver.o(.constdata)
    hz16                                     0x08002ebf   Data         714  lcd_driver.o(.constdata)
    __mathlib_zero                           0x080031c8   Data           8  qnan.o(.constdata)
    Region$$Table$$Base                      0x080031d0   Number         0  anon$$obj.o(Region$$Table)
    Region$$Table$$Limit                     0x080031f0   Number         0  anon$$obj.o(Region$$Table)
    RunTime                                  0x20000000   Data           4  delay.o(.data)
    Led_Run                                  0x20000004   Data           8  delay.o(.data)
    Key_Run                                  0x2000000c   Data           8  delay.o(.data)
    Max_Run                                  0x20000014   Data           8  delay.o(.data)
    UI_Run                                   0x2000001c   Data           8  delay.o(.data)
    rawIRValue                               0x20000028   Data           2  max30100.o(.data)
    rawRedValue                              0x2000002a   Data           2  max30100.o(.data)
    Beatstate                                0x2000002c   Data           1  max30100_beatdetector.o(.data)
    threshold                                0x20000030   Data           4  max30100_beatdetector.o(.data)
    beatPeriod                               0x20000034   Data           4  max30100_beatdetector.o(.data)
    lastMaxValue                             0x20000038   Data           4  max30100_beatdetector.o(.data)
    tsLastBeat                               0x2000003c   Data           4  max30100_beatdetector.o(.data)
    v                                        0x20000040   Data           8  max30100_filters.o(.data)
    SPO2                                     0x20000048   Data           1  max30100_pulseoximeter.o(.data)
    ID                                       0x20000049   Data           1  max30100_pulseoximeter.o(.data)
    TempINT                                  0x2000004a   Data           1  max30100_pulseoximeter.o(.data)
    TempFRAC                                 0x2000004b   Data           1  max30100_pulseoximeter.o(.data)
    state                                    0x2000004c   Data           1  max30100_pulseoximeter.o(.data)
    debuggingMode                            0x2000004d   Data           1  max30100_pulseoximeter.o(.data)
    redLedPower                              0x2000004e   Data           1  max30100_pulseoximeter.o(.data)
    HeartRate                                0x20000050   Data           2  max30100_pulseoximeter.o(.data)
    onBeatDetected                           0x20000054   Data           4  max30100_pulseoximeter.o(.data)
    tsFirstBeatDetected                      0x20000058   Data           4  max30100_pulseoximeter.o(.data)
    tsLastBeatDetected                       0x2000005c   Data           4  max30100_pulseoximeter.o(.data)
    tsLastSample                             0x20000060   Data           4  max30100_pulseoximeter.o(.data)
    tsLastBiasCheck                          0x20000064   Data           4  max30100_pulseoximeter.o(.data)
    tsLastCurrentAdjustment                  0x20000068   Data           4  max30100_pulseoximeter.o(.data)
    irDCRemover                              0x2000006c   Data           8  max30100_pulseoximeter.o(.data)
    redDCRemover                             0x20000074   Data           8  max30100_pulseoximeter.o(.data)
    beatsDetectedNum                         0x2000007c   Data           1  max30100_spo2calculator.o(.data)
    spO2                                     0x2000007d   Data           1  max30100_spo2calculator.o(.data)
    irACValueSqSum                           0x20000080   Data           4  max30100_spo2calculator.o(.data)
    redACValueSqSum                          0x20000084   Data           4  max30100_spo2calculator.o(.data)
    samplesRecorded                          0x20000088   Data           4  max30100_spo2calculator.o(.data)
    spO2LUT                                  0x2000008c   Data          43  max30100_spo2calculator.o(.data)
    __stdout                                 0x200000b8   Data           4  stdout.o(.data)
    __initial_sp                             0x200004c0   Data           0  startup_stm32f10x_md.o(STACK)



==============================================================================

Memory Map of the image

  Image Entry point : 0x080000ed

  Load Region LR_IROM1 (Base: 0x08000000, Size: 0x000032b0, Max: 0x00010000, ABSOLUTE)

    Execution Region ER_IROM1 (Base: 0x08000000, Size: 0x000031f0, Max: 0x00010000, ABSOLUTE)

    Base Addr    Size         Type   Attr      Idx    E Section Name        Object

    0x08000000   0x000000ec   Data   RO          132    RESET               startup_stm32f10x_md.o
    0x080000ec   0x00000000   Code   RO         3921  * .ARM.Collect$$$$00000000  mc_w.l(entry.o)
    0x080000ec   0x00000004   Code   RO         4238    .ARM.Collect$$$$00000001  mc_w.l(entry2.o)
    0x080000f0   0x00000004   Code   RO         4241    .ARM.Collect$$$$00000004  mc_w.l(entry5.o)
    0x080000f4   0x00000000   Code   RO         4243    .ARM.Collect$$$$00000008  mc_w.l(entry7b.o)
    0x080000f4   0x00000000   Code   RO         4245    .ARM.Collect$$$$0000000A  mc_w.l(entry8b.o)
    0x080000f4   0x00000008   Code   RO         4246    .ARM.Collect$$$$0000000B  mc_w.l(entry9a.o)
    0x080000fc   0x00000000   Code   RO         4248    .ARM.Collect$$$$0000000D  mc_w.l(entry10a.o)
    0x080000fc   0x00000000   Code   RO         4250    .ARM.Collect$$$$0000000F  mc_w.l(entry11a.o)
    0x080000fc   0x00000004   Code   RO         4239    .ARM.Collect$$$$00002712  mc_w.l(entry2.o)
    0x08000100   0x00000024   Code   RO          133    .text               startup_stm32f10x_md.o
    0x08000124   0x00000024   Code   RO         3924    .text               mc_w.l(memseta.o)
    0x08000148   0x000000b0   Code   RO         4187    .text               mf_w.l(fadd.o)
    0x080001f8   0x00000064   Code   RO         4189    .text               mf_w.l(fmul.o)
    0x0800025c   0x0000007c   Code   RO         4191    .text               mf_w.l(fdiv.o)
    0x080002d8   0x00000018   Code   RO         4193    .text               mf_w.l(fscalb.o)
    0x080002f0   0x0000014e   Code   RO         4195    .text               mf_w.l(dadd.o)
    0x0800043e   0x000000e4   Code   RO         4197    .text               mf_w.l(dmul.o)
    0x08000522   0x000000de   Code   RO         4199    .text               mf_w.l(ddiv.o)
    0x08000600   0x00000012   Code   RO         4201    .text               mf_w.l(fflti.o)
    0x08000612   0x0000000a   Code   RO         4203    .text               mf_w.l(ffltui.o)
    0x0800061c   0x0000001a   Code   RO         4205    .text               mf_w.l(dfltui.o)
    0x08000636   0x00000032   Code   RO         4207    .text               mf_w.l(ffixi.o)
    0x08000668   0x00000028   Code   RO         4209    .text               mf_w.l(ffixui.o)
    0x08000690   0x00000032   Code   RO         4211    .text               mf_w.l(dfixui.o)
    0x080006c2   0x00000026   Code   RO         4213    .text               mf_w.l(f2d.o)
    0x080006e8   0x00000038   Code   RO         4215    .text               mf_w.l(d2f.o)
    0x08000720   0x00000014   Code   RO         4217    .text               mf_w.l(cfcmple.o)
    0x08000734   0x00000014   Code   RO         4219    .text               mf_w.l(cfrcmple.o)
    0x08000748   0x0000002c   Code   RO         4253    .text               mc_w.l(uidiv.o)
    0x08000774   0x0000001e   Code   RO         4257    .text               mc_w.l(llshl.o)
    0x08000792   0x00000020   Code   RO         4259    .text               mc_w.l(llushr.o)
    0x080007b2   0x00000024   Code   RO         4261    .text               mc_w.l(llsshr.o)
    0x080007d6   0x00000000   Code   RO         4270    .text               mc_w.l(iusefp.o)
    0x080007d6   0x0000006e   Code   RO         4271    .text               mf_w.l(fepilogue.o)
    0x08000844   0x000000ba   Code   RO         4273    .text               mf_w.l(depilogue.o)
    0x080008fe   0x0000002e   Code   RO         4275    .text               mf_w.l(dscalb.o)
    0x0800092c   0x00000022   Code   RO         4277    .text               mf_w.l(dflti.o)
    0x0800094e   0x00000002   PAD
    0x08000950   0x00000030   Code   RO         4281    .text               mf_w.l(cdcmple.o)
    0x08000980   0x00000024   Code   RO         4285    .text               mc_w.l(init.o)
    0x080009a4   0x0000001c   Code   RO         3600    i.BeatDetector      max30100_beatdetector.o
    0x080009c0   0x00000062   Code   RO         3514    i.Buff_Read         max30100.o
    0x08000a22   0x00000002   Code   RO          137    i.BusFault_Handler  stm32f10x_it.o
    0x08000a24   0x00000008   Code   RO         3660    i.DCRemover1        max30100_filters.o
    0x08000a2c   0x00000002   Code   RO          138    i.DebugMon_Handler  stm32f10x_it.o
    0x08000a2e   0x00000092   Code   RO          282    i.Delay_1us         delay.o
    0x08000ac0   0x00000016   Code   RO          284    i.Delay_ms          delay.o
    0x08000ad6   0x00000002   PAD
    0x08000ad8   0x0000005c   Code   RO         3662    i.FBstep            max30100_filters.o
    0x08000b34   0x000000a6   Code   RO         1568    i.GPIO_Init         stm32f10x_gpio.o
    0x08000bda   0x00000004   Code   RO         1576    i.GPIO_SetBits      stm32f10x_gpio.o
    0x08000bde   0x00000002   PAD
    0x08000be0   0x0000008c   Code   RO          336    i.Get_KeyValue      gpio.o
    0x08000c6c   0x00000160   Code   RO         3385    i.Gui_DrawFont_GBK16  lcd_driver.o
    0x08000dcc   0x000000b2   Code   RO         3386    i.Gui_DrawLine      lcd_driver.o
    0x08000e7e   0x0000001a   Code   RO         3387    i.Gui_DrawPoint     lcd_driver.o
    0x08000e98   0x00000002   Code   RO          139    i.HardFault_Handler  stm32f10x_it.o
    0x08000e9a   0x00000002   PAD
    0x08000e9c   0x00000034   Code   RO         3845    i.IIC_Ack           myiic.o
    0x08000ed0   0x0000000e   Code   RO         3847    i.IIC_Delay2        myiic.o
    0x08000ede   0x00000002   PAD
    0x08000ee0   0x00000044   Code   RO         3848    i.IIC_Init          myiic.o
    0x08000f24   0x00000034   Code   RO         3849    i.IIC_NAck          myiic.o
    0x08000f58   0x00000060   Code   RO         3850    i.IIC_Read_Byte     myiic.o
    0x08000fb8   0x00000050   Code   RO         3851    i.IIC_Send_Byte     myiic.o
    0x08001008   0x00000034   Code   RO         3852    i.IIC_Start         myiic.o
    0x0800103c   0x00000038   Code   RO         3853    i.IIC_Stop          myiic.o
    0x08001074   0x00000054   Code   RO         3854    i.IIC_Wait_Ack      myiic.o
    0x080010c8   0x0000005c   Code   RO          337    i.Key_Init          gpio.o
    0x08001124   0x00000044   Code   RO         3389    i.LCD_GPIO_Init     lcd_driver.o
    0x08001168   0x0000002c   Code   RO         3390    i.LCD_WriteData_16Bit  lcd_driver.o
    0x08001194   0x0000002e   Code   RO         3391    i.Lcd_Clear         lcd_driver.o
    0x080011c2   0x00000002   PAD
    0x080011c4   0x00000238   Code   RO         3393    i.Lcd_Init          lcd_driver.o
    0x080013fc   0x00000024   Code   RO         3395    i.Lcd_Reset         lcd_driver.o
    0x08001420   0x00000058   Code   RO         3396    i.Lcd_SetRegion     lcd_driver.o
    0x08001478   0x00000008   Code   RO         3397    i.Lcd_SetXY         lcd_driver.o
    0x08001480   0x00000024   Code   RO         3399    i.Lcd_WriteData     lcd_driver.o
    0x080014a4   0x00000024   Code   RO         3400    i.Lcd_WriteIndex    lcd_driver.o
    0x080014c8   0x00000034   Code   RO          338    i.Led_Init          gpio.o
    0x080014fc   0x00000002   Code   RO          140    i.MemManage_Handler  stm32f10x_it.o
    0x080014fe   0x00000002   Code   RO          141    i.NMI_Handler       stm32f10x_it.o
    0x08001500   0x00000004   Code   RO         3709    i.POupdate          max30100_pulseoximeter.o
    0x08001504   0x00000002   Code   RO          142    i.PendSV_Handler    stm32f10x_it.o
    0x08001506   0x00000002   PAD
    0x08001508   0x0000001c   Code   RO         3710    i.PulseOximeter     max30100_pulseoximeter.o
    0x08001524   0x0000001c   Code   RO         1986    i.RCC_APB2PeriphClockCmd  stm32f10x_rcc.o
    0x08001540   0x00000048   Code   RO         3515    i.Read_One_Byte     max30100.o
    0x08001588   0x0000002c   Code   RO         3402    i.SPI_WriteData     lcd_driver.o
    0x080015b4   0x00000078   Code   RO         3711    i.SPO2_Init         max30100_pulseoximeter.o
    0x0800162c   0x000000c4   Code   RO         3805    i.SPO2update        max30100_spo2calculator.o
    0x080016f0   0x00000002   Code   RO          143    i.SVC_Handler       stm32f10x_it.o
    0x080016f2   0x00000004   Code   RO           17    i.SetSysClock       system_stm32f10x.o
    0x080016f6   0x00000002   PAD
    0x080016f8   0x000000b0   Code   RO           18    i.SetSysClockTo72   system_stm32f10x.o
    0x080017a8   0x00000030   Code   RO          287    i.SysTick_Handler   delay.o
    0x080017d8   0x00000022   Code   RO          288    i.SysTick_Init      delay.o
    0x080017fa   0x00000002   PAD
    0x080017fc   0x00000050   Code   RO           20    i.SystemInit        system_stm32f10x.o
    0x0800184c   0x00000014   Code   RO          395    i.TIM3_IRQHandler   time3.o
    0x08001860   0x00000054   Code   RO          396    i.Time3_Init        time3.o
    0x080018b4   0x00000002   Code   RO          144    i.UsageFault_Handler  stm32f10x_it.o
    0x080018b6   0x00000002   PAD
    0x080018b8   0x000000a0   Code   RO          365    i.Usart1_Init       usart.o
    0x08001958   0x00000014   Code   RO          367    i.Usart1_TX         usart.o
    0x0800196c   0x0000003e   Code   RO         3516    i.Write_One_Byte    max30100.o
    0x080019aa   0x00000002   PAD
    0x080019ac   0x00000020   Code   RO         4081    i.__0printf$6       mc_w.l(printf6.o)
    0x080019cc   0x00000028   Code   RO         4083    i.__0sprintf$6      mc_w.l(printf6.o)
    0x080019f4   0x000000aa   Code   RO         4235    i.__kernel_poly     m_ws.l(poly.o)
    0x08001a9e   0x00000002   PAD
    0x08001aa0   0x00000010   Code   RO         4221    i.__mathlib_dbl_divzero  m_ws.l(dunder.o)
    0x08001ab0   0x00000006   Code   RO         4222    i.__mathlib_dbl_infnan  m_ws.l(dunder.o)
    0x08001ab6   0x0000000c   Code   RO         4224    i.__mathlib_dbl_invalid  m_ws.l(dunder.o)
    0x08001ac2   0x0000000e   Code   RO         4289    i.__scatterload_copy  mc_w.l(handlers.o)
    0x08001ad0   0x00000002   Code   RO         4290    i.__scatterload_null  mc_w.l(handlers.o)
    0x08001ad2   0x0000000e   Code   RO         4291    i.__scatterload_zeroinit  mc_w.l(handlers.o)
    0x08001ae0   0x0000000c   Code   RO         4265    i.__set_errno       mc_w.l(errno.o)
    0x08001aec   0x000002f0   Code   RO         4088    i._printf_core      mc_w.l(printf6.o)
    0x08001ddc   0x00000024   Code   RO         4089    i._printf_post_padding  mc_w.l(printf6.o)
    0x08001e00   0x0000002e   Code   RO         4090    i._printf_pre_padding  mc_w.l(printf6.o)
    0x08001e2e   0x0000000a   Code   RO         4092    i._sputc            mc_w.l(printf6.o)
    0x08001e38   0x00000004   Code   RO         3601    i.addSample         max30100_beatdetector.o
    0x08001e3c   0x00000034   Code   RO         3712    i.begin             max30100_pulseoximeter.o
    0x08001e70   0x00000120   Code   RO         3602    i.checkForBeat      max30100_beatdetector.o
    0x08001f90   0x000000b0   Code   RO         3714    i.checkSample       max30100_pulseoximeter.o
    0x08002040   0x00000094   Code   RO         3603    i.decreaseThreshold  max30100_beatdetector.o
    0x080020d4   0x0000000e   Code   RO          368    i.fputc             usart.o
    0x080020e2   0x00000002   PAD
    0x080020e4   0x00000034   Code   RO         3605    i.getRate           max30100_beatdetector.o
    0x08002118   0x0000000c   Code   RO         3807    i.getSpO2           max30100_spo2calculator.o
    0x08002124   0x0000035c   Code   RO         3912    i.log               m_ws.l(log.o)
    0x08002480   0x00000348   Code   RO          217    i.main              main.o
    0x080027c8   0x0000000c   Code   RO         3606    i.millis            max30100_beatdetector.o
    0x080027d4   0x00000008   Code   RO         3607    i.min               max30100_beatdetector.o
    0x080027dc   0x00000002   Code   RO         3717    i.onBeatDetected1   max30100_pulseoximeter.o
    0x080027de   0x00000002   PAD
    0x080027e0   0x00000030   Code   RO         3517    i.readFifoData      max30100.o
    0x08002810   0x00000014   Code   RO         3808    i.reset             max30100_spo2calculator.o
    0x08002824   0x00000028   Code   RO         3518    i.setHighresModeEnabled  max30100.o
    0x0800284c   0x0000000c   Code   RO         3519    i.setLedsCurrent    max30100.o
    0x08002858   0x0000001a   Code   RO         3520    i.setLedsPulseWidth  max30100.o
    0x08002872   0x00000008   Code   RO         3521    i.setMode           max30100.o
    0x0800287a   0x00000002   PAD
    0x0800287c   0x0000000c   Code   RO         3718    i.setOnBeatDetectedCallback  max30100_pulseoximeter.o
    0x08002888   0x0000001e   Code   RO         3522    i.setSamplingRate   max30100.o
    0x080028a6   0x00000024   Code   RO         3665    i.step              max30100_filters.o
    0x080028ca   0x00000004   Code   RO         3523    i.update            max30100.o
    0x080028ce   0x000008bb   Data   RO         3403    .constdata          lcd_driver.o
    0x08003189   0x00000007   PAD
    0x08003190   0x00000038   Data   RO         3913    .constdata          m_ws.l(log.o)
    0x080031c8   0x00000008   Data   RO         4237    .constdata          m_ws.l(qnan.o)
    0x080031d0   0x00000020   Data   RO         4287    Region$$Table       anon$$obj.o


    Execution Region RW_IRAM1 (Base: 0x20000000, Size: 0x000004c0, Max: 0x00005000, ABSOLUTE)

    Base Addr    Size         Type   Attr      Idx    E Section Name        Object

    0x20000000   0x00000024   Data   RW          289    .data               delay.o
    0x20000024   0x00000004   Data   RW          339    .data               gpio.o
    0x20000028   0x00000004   Data   RW         3524    .data               max30100.o
    0x2000002c   0x00000014   Data   RW         3608    .data               max30100_beatdetector.o
    0x20000040   0x00000008   Data   RW         3666    .data               max30100_filters.o
    0x20000048   0x00000034   Data   RW         3719    .data               max30100_pulseoximeter.o
    0x2000007c   0x0000003b   Data   RW         3809    .data               max30100_spo2calculator.o
    0x200000b7   0x00000001   PAD
    0x200000b8   0x00000004   Data   RW         4252    .data               mc_w.l(stdout.o)
    0x200000bc   0x00000004   Data   RW         4266    .data               mc_w.l(errno.o)
    0x200000c0   0x00000400   Zero   RW          130    STACK               startup_stm32f10x_md.o


==============================================================================

Image component sizes


      Code (inc. data)   RO Data    RW Data    ZI Data      Debug   Object Name

         0          0          0          0          0       4532   core_cm3.o
       250          6          0         36          0       2341   delay.o
       284         50          0          4          0       1481   gpio.o
      1530         60       2235          0          0       8832   lcd_driver.o
       840        128          0          0          0       2207   main.o
       400          4          0          4          0       8198   max30100.o
       540         80          0         20          0       4732   max30100_beatdetector.o
       136         22          0          8          0       2073   max30100_filters.o
       394         38          0         52          0       5204   max30100_pulseoximeter.o
       228         28          0         59          0       2346   max30100_spo2calculator.o
       554         74          0          0          0       4243   myiic.o
        36          8        236          0       1024        832   startup_stm32f10x_md.o
       170          0          0          0          0       2491   stm32f10x_gpio.o
        16          0          0          0          0     204728   stm32f10x_it.o
        28          6          0          0          0        565   stm32f10x_rcc.o
       260         26          0          0          0      10305   system_stm32f10x.o
       104         20          0          0          0      15970   time3.o
       194         20          0          0          0       1462   usart.o

    ----------------------------------------------------------------------
      5990        570       2510        184       1024     282542   Object Totals
         0          0         32          0          0          0   (incl. Generated)
        26          0          7          1          0          0   (incl. Padding)

    ----------------------------------------------------------------------

      Code (inc. data)   RO Data    RW Data    ZI Data      Debug   Library Member Name

        34          4          0          0          0        204   dunder.o
       860         52         56          0          0        256   log.o
       170          0          0          0          0         96   poly.o
         0          0          8          0          0          0   qnan.o
         0          0          0          0          0          0   entry.o
         0          0          0          0          0          0   entry10a.o
         0          0          0          0          0          0   entry11a.o
         8          4          0          0          0          0   entry2.o
         4          0          0          0          0          0   entry5.o
         0          0          0          0          0          0   entry7b.o
         0          0          0          0          0          0   entry8b.o
         8          4          0          0          0          0   entry9a.o
        12          6          0          4          0         68   errno.o
        30          0          0          0          0          0   handlers.o
        36          8          0          0          0         68   init.o
         0          0          0          0          0          0   iusefp.o
        30          0          0          0          0         68   llshl.o
        36          0          0          0          0         68   llsshr.o
        32          0          0          0          0         68   llushr.o
        36          0          0          0          0        108   memseta.o
       916         20          0          0          0        504   printf6.o
         0          0          0          4          0          0   stdout.o
        44          0          0          0          0         80   uidiv.o
        48          0          0          0          0         68   cdcmple.o
        20          0          0          0          0         68   cfcmple.o
        20          0          0          0          0         68   cfrcmple.o
        56          0          0          0          0         88   d2f.o
       334          0          0          0          0        148   dadd.o
       222          0          0          0          0        100   ddiv.o
       186          0          0          0          0        176   depilogue.o
        50          0          0          0          0         76   dfixui.o
        34          0          0          0          0         76   dflti.o
        26          0          0          0          0         76   dfltui.o
       228          0          0          0          0         96   dmul.o
        46          0          0          0          0         80   dscalb.o
        38          0          0          0          0         68   f2d.o
       176          0          0          0          0        140   fadd.o
       124          0          0          0          0         88   fdiv.o
       110          0          0          0          0        168   fepilogue.o
        50          0          0          0          0         68   ffixi.o
        40          0          0          0          0         68   ffixui.o
        18          0          0          0          0         68   fflti.o
        10          0          0          0          0         68   ffltui.o
       100          0          0          0          0         76   fmul.o
        24          0          0          0          0         68   fscalb.o

    ----------------------------------------------------------------------
      4220         98         64          8          0       3588   Library Totals
         4          0          0          0          0          0   (incl. Padding)

    ----------------------------------------------------------------------

      Code (inc. data)   RO Data    RW Data    ZI Data      Debug   Library Name

      1064         56         64          0          0        556   m_ws.l
      1192         42          0          8          0       1032   mc_w.l
      1960          0          0          0          0       2000   mf_w.l

    ----------------------------------------------------------------------
      4220         98         64          8          0       3588   Library Totals

    ----------------------------------------------------------------------

==============================================================================


      Code (inc. data)   RO Data    RW Data    ZI Data      Debug   

     10210        668       2574        192       1024     280458   Grand Totals
     10210        668       2574        192       1024     280458   ELF Image Totals
     10210        668       2574        192          0          0   ROM Totals

==============================================================================

    Total RO  Size (Code + RO Data)                12784 (  12.48kB)
    Total RW  Size (RW Data + ZI Data)              1216 (   1.19kB)
    Total ROM Size (Code + RO Data + RW Data)      12976 (  12.67kB)

==============================================================================

